Copyright 1986-2022 Xilinx, Inc. All Rights Reserved. Copyright 2022-2025 Advanced Micro Devices, Inc. All Rights Reserved.
---------------------------------------------------------------------------------------------------------------------------------------------
| Tool Version : Vivado v.2025.2 (win64) Build 6299465 Fri Nov 14 19:35:11 GMT 2025
| Date         : Tue Jun 16 23:43:09 2026
| Host         : DESKTOP-KIRSTEN running 64-bit major release  (build 9200)
| Command      : report_control_sets -verbose -file system_wrapper_control_sets_placed.rpt
| Design       : system_wrapper
| Device       : xc7z010
---------------------------------------------------------------------------------------------------------------------------------------------

Control Set Information

Table of Contents
-----------------
1. Summary
2. Histogram
3. Flip-Flop Distribution
4. Detailed Control Set Information

1. Summary
----------

+----------------------------------------------------------+-------+
|                          Status                          | Count |
+----------------------------------------------------------+-------+
| Total control sets                                       |    72 |
|    Minimum number of control sets                        |    72 |
|    Addition due to synthesis replication                 |     0 |
|    Addition due to physical synthesis replication        |     0 |
| Unused register locations in slices containing registers |   157 |
+----------------------------------------------------------+-------+
* Control sets can be merged at opt_design using control_set_merge or merge_equivalent_drivers
** Run report_qor_suggestions for automated merging and remapping suggestions


2. Histogram
------------

+--------------------+-------+
|       Fanout       | Count |
+--------------------+-------+
| Total control sets |    72 |
| >= 0 to < 4        |     1 |
| >= 4 to < 6        |     9 |
| >= 6 to < 8        |     7 |
| >= 8 to < 10       |    11 |
| >= 10 to < 12      |     1 |
| >= 12 to < 14      |     1 |
| >= 14 to < 16      |     1 |
| >= 16              |    41 |
+--------------------+-------+
* Control sets can be remapped at either synth_design or opt_design


3. Flip-Flop Distribution
-------------------------

+--------------+-----------------------+------------------------+-----------------+--------------+
| Clock Enable | Synchronous Set/Reset | Asynchronous Set/Reset | Total Registers | Total Slices |
+--------------+-----------------------+------------------------+-----------------+--------------+
| No           | No                    | No                     |             886 |          220 |
| No           | No                    | Yes                    |               0 |            0 |
| No           | Yes                   | No                     |            1848 |          376 |
| Yes          | No                    | No                     |             536 |          125 |
| Yes          | No                    | Yes                    |               0 |            0 |
| Yes          | Yes                   | No                     |             597 |          149 |
+--------------+-----------------------+------------------------+-----------------+--------------+


4. Detailed Control Set Information
-----------------------------------

+-------------------------------+----------------------------------------------------------------------------------------------------------------------------------------------------------------------------------------+----------------------------------------------------------------------------------------------------------------------------------------------------------------------------------------------+------------------+----------------+--------------+
|          Clock Signal         |                                                                                      Enable Signal                                                                                     |                                                                                       Set/Reset Signal                                                                                       | Slice Load Count | Bel Load Count | Bels / Slice |
+-------------------------------+----------------------------------------------------------------------------------------------------------------------------------------------------------------------------------------+----------------------------------------------------------------------------------------------------------------------------------------------------------------------------------------------+------------------+----------------+--------------+
|  system_i/pll_0/inst/clk_out1 |                                                                                                                                                                                        | system_i/rx_0/fifo_0/inst/fifo_0/xpm_fifo_base_inst/xpm_fifo_rst_inst/rst_i                                                                                                                  |                2 |              3 |         1.50 |
|  system_i/pll_0/inst/clk_out1 |                                                                                                                                                                                        | system_i/rx_0/fir_0/U0/i_synth/g_polyphase_decimation.i_polyphase_decimation/g_semi_parallel_and_smac.g_paths[0].g_data_array.g_madd[0].g_wrap_buff.i_data_wrap_buff/phase_cnt[3]_i_1_n_0    |                1 |              4 |         4.00 |
|  system_i/pll_0/inst/clk_out1 |                                                                                                                                                                                        | system_i/rx_0/fir_0/U0/i_synth/g_polyphase_decimation.i_polyphase_decimation/g_semi_parallel_and_smac.g_paths[1].g_data_array.g_madd[0].g_wrap_buff.i_data_wrap_buff/phase_cnt[3]_i_1__0_n_0 |                1 |              4 |         4.00 |
|  system_i/pll_0/inst/clk_out1 |                                                                                                                                                                                        | system_i/rx_0/fir_0/U0/i_synth/g_polyphase_decimation.i_polyphase_decimation/accum_opcode__0__0[8]                                                                                           |                1 |              4 |         4.00 |
|  system_i/pll_0/inst/clk_out1 | system_i/rx_0/hub_0/inst/buf_4/int_rready_wire                                                                                                                                         | system_i/rx_0/hub_0/inst/buf_3/buf_1/int_data_reg_reg[26]_0                                                                                                                                  |                2 |              4 |         2.00 |
|  system_i/pll_0/inst/clk_out1 | system_i/rx_0/cic_1/U0/i_synth/decimator.decimation_filter/comb/gen_stages[0].gen_folded.gen_clr_counter.sclr_count_0[0]                                                               | system_i/rx_0/cic_1/U0/i_synth/reset                                                                                                                                                         |                1 |              4 |         4.00 |
|  system_i/pll_0/inst/clk_out1 | system_i/rx_0/hub_0/inst/buf_3/buf_1/E[0]                                                                                                                                              | system_i/rx_0/hub_0/inst/buf_3/buf_1/SR[0]                                                                                                                                                   |                1 |              4 |         4.00 |
|  system_i/pll_0/inst/clk_out1 | system_i/rx_0/cic_0/U0/i_synth/decimator.decimation_filter/comb/gen_stages[0].gen_folded.gen_clr_counter.sclr_count_0[0]                                                               | system_i/rx_0/cic_0/U0/i_synth/reset                                                                                                                                                         |                1 |              4 |         4.00 |
|  system_i/pll_0/inst/clk_out1 | system_i/rx_0/fir_0/U0/i_synth/g_polyphase_decimation.i_polyphase_decimation/g_semi_parallel_and_smac.phase_cnt[3]_i_2_n_0                                                             | system_i/rx_0/fir_0/U0/i_synth/g_polyphase_decimation.i_polyphase_decimation/phase_cnt_5                                                                                                     |                1 |              4 |         4.00 |
|  system_i/pll_0/inst/clk_out1 |                                                                                                                                                                                        | system_i/rst_0/U0/EXT_LPF/lpf_int                                                                                                                                                            |                3 |              5 |         1.67 |
|  system_i/pll_0/inst/clk_out1 | system_i/rst_0/U0/SEQ/seq_cnt_en                                                                                                                                                       | system_i/rst_0/U0/SEQ/SEQ_COUNTER/q_int[5]_i_1_n_0                                                                                                                                           |                2 |              6 |         3.00 |
|  system_i/pll_0/inst/clk_out1 |                                                                                                                                                                                        | system_i/rx_0/fifo_0/inst/fifo_0/xpm_fifo_base_inst/xpm_fifo_rst_inst/gen_rst_cc.fifo_wr_rst_cc_reg[2]_0[0]                                                                                  |                5 |              6 |         1.20 |
|  system_i/pll_0/inst/clk_out1 | system_i/rx_0/cic_1/U0/i_synth/decimator.decimation_filter/op_rate_en                                                                                                                  | system_i/rx_0/cic_1/U0/i_synth/decimator.decimation_filter/op_rate_cnt[6]_i_1_n_0                                                                                                            |                3 |              7 |         2.33 |
|  system_i/pll_0/inst/clk_out1 | system_i/rx_0/cic_0/U0/i_synth/decimator.decimation_filter/int/gen_stages[5].gen_unfolded.int_comb_stage/gen_nd_out_dly/gen_rtl.gen_dly.gen_regs.delay_bus_reg[1]_0                    | system_i/rx_0/cic_0/U0/i_synth/decimator.decimation_filter/int/gen_stages[5].gen_unfolded.int_comb_stage/gen_nd_out_dly/SR[0]                                                                |                3 |              7 |         2.33 |
|  system_i/pll_0/inst/clk_out1 |                                                                                                                                                                                        | system_i/dds_compiler_0/U0/i_synth/sclr_i                                                                                                                                                    |                2 |              7 |         3.50 |
|  system_i/pll_0/inst/clk_out1 | system_i/rx_0/cic_1/U0/i_synth/decimator.decimation_filter/int/gen_stages[5].gen_unfolded.int_comb_stage/gen_nd_out_dly/gen_rtl.gen_dly.gen_regs.delay_bus_reg[1]_0                    | system_i/rx_0/cic_1/U0/i_synth/decimator.decimation_filter/int/gen_stages[5].gen_unfolded.int_comb_stage/gen_nd_out_dly/SR[0]                                                                |                2 |              7 |         3.50 |
|  system_i/pll_0/inst/clk_out1 | system_i/rx_0/cic_0/U0/i_synth/decimator.decimation_filter/op_rate_en                                                                                                                  | system_i/rx_0/cic_0/U0/i_synth/decimator.decimation_filter/op_rate_cnt[6]_i_1_n_0                                                                                                            |                3 |              7 |         2.33 |
|  system_i/pll_0/inst/clk_out1 | system_i/rx_0/hub_0/inst/buf_0/buf_1/CE0                                                                                                                                               | system_i/rx_0/hub_0/inst/buf_3/buf_0/ACTIVE_LOW_PR_OUT_DFF[0].FDRE_PER_N                                                                                                                     |                1 |              8 |         8.00 |
|  system_i/pll_0/inst/clk_out1 |                                                                                                                                                                                        | system_i/rx_0/hub_0/inst/buf_3/buf_0/ACTIVE_LOW_PR_OUT_DFF[0].FDRE_PER_N                                                                                                                     |                4 |              8 |         2.00 |
|  system_i/pll_0/inst/clk_out1 | system_i/rx_0/hub_0/inst/buf_0/buf_1/CE025_out                                                                                                                                         | system_i/rx_0/hub_0/inst/buf_3/buf_0/ACTIVE_LOW_PR_OUT_DFF[0].FDRE_PER_N                                                                                                                     |                1 |              8 |         8.00 |
|  system_i/pll_0/inst/clk_out1 | system_i/rx_0/hub_0/inst/buf_0/buf_1/CE019_out                                                                                                                                         | system_i/rx_0/hub_0/inst/buf_3/buf_0/ACTIVE_LOW_PR_OUT_DFF[0].FDRE_PER_N                                                                                                                     |                3 |              8 |         2.67 |
|  system_i/pll_0/inst/clk_out1 | system_i/rx_0/hub_0/inst/buf_0/buf_1/CE023_out                                                                                                                                         | system_i/rx_0/hub_0/inst/buf_3/buf_0/ACTIVE_LOW_PR_OUT_DFF[0].FDRE_PER_N                                                                                                                     |                1 |              8 |         8.00 |
|  system_i/pll_0/inst/clk_out1 | system_i/rx_0/hub_0/inst/buf_0/buf_1/CE027_out                                                                                                                                         | system_i/rx_0/hub_0/inst/buf_3/buf_0/ACTIVE_LOW_PR_OUT_DFF[0].FDRE_PER_N                                                                                                                     |                1 |              8 |         8.00 |
|  system_i/pll_0/inst/clk_out1 | system_i/rx_0/fir_0/U0/i_synth/g_polyphase_decimation.i_polyphase_decimation/rfd_cnt[7]                                                                                                | system_i/rx_0/fir_0/U0/i_synth/g_polyphase_decimation.i_polyphase_decimation/base_max                                                                                                        |                3 |              8 |         2.67 |
|  system_i/pll_0/inst/clk_out1 | system_i/rx_0/hub_0/inst/buf_0/buf_1/CE029_out                                                                                                                                         | system_i/rx_0/hub_0/inst/buf_3/buf_0/ACTIVE_LOW_PR_OUT_DFF[0].FDRE_PER_N                                                                                                                     |                2 |              8 |         4.00 |
|  system_i/pll_0/inst/clk_out1 | system_i/rx_0/hub_0/inst/buf_0/buf_1/CE016_out                                                                                                                                         | system_i/rx_0/hub_0/inst/buf_3/buf_0/ACTIVE_LOW_PR_OUT_DFF[0].FDRE_PER_N                                                                                                                     |                1 |              8 |         8.00 |
|  system_i/pll_0/inst/clk_out1 | system_i/rx_0/hub_0/inst/buf_0/buf_1/int_data_reg_reg[2]_0                                                                                                                             | system_i/rx_0/hub_0/inst/buf_3/buf_0/ACTIVE_LOW_PR_OUT_DFF[0].FDRE_PER_N                                                                                                                     |                1 |              8 |         8.00 |
|  system_i/pll_0/inst/clk_out1 | system_i/rx_0/fir_0/U0/i_synth/g_polyphase_decimation.i_polyphase_decimation/base_en                                                                                                   | system_i/rx_0/fir_0/U0/i_synth/g_polyphase_decimation.i_polyphase_decimation/g_semi_parallel_and_smac.gen_coef_addr_6                                                                        |                3 |              9 |         3.00 |
|  system_i/pll_0/inst/clk_out1 | system_i/rx_0/fir_0/U0/i_synth/g_polyphase_decimation.i_polyphase_decimation/cin                                                                                                       | system_i/rx_0/fir_0/U0/i_synth/g_polyphase_decimation.i_polyphase_decimation/g_m_data_chan_fifo.g_no_tready.op_rate_cnt[10]_i_1_n_0                                                          |                4 |             11 |         2.75 |
|  system_i/pll_0/inst/clk_out1 | system_i/rx_0/hub_0/inst/buf_2/E[0]                                                                                                                                                    |                                                                                                                                                                                              |                2 |             12 |         6.00 |
|  system_i/pll_0/inst/clk_out1 |                                                                                                                                                                                        | system_i/rx_0/fifo_0/inst/fifo_0/xpm_fifo_base_inst/xpm_fifo_rst_inst/SR[0]                                                                                                                  |                4 |             14 |         3.50 |
|  system_i/pll_0/inst/clk_out1 | system_i/rx_0/fir_0/U0/i_synth/g_polyphase_decimation.i_polyphase_decimation/g_semi_parallel_and_smac.g_paths[0].g_data_array.g_madd[0].g_wrap_buff.i_data_wrap_buff/i_mem_allign/E[0] | system_i/rx_0/fir_0/U0/i_synth/g_polyphase_decimation.i_polyphase_decimation/g_semi_parallel_and_smac.g_paths[0].g_data_array.g_madd[0].g_wrap_buff.i_data_wrap_buff/i_bypass_phase/SR[0]    |                2 |             16 |         8.00 |
|  system_i/pll_0/inst/clk_out1 | system_i/rx_0/fir_0/U0/i_synth/g_polyphase_decimation.i_polyphase_decimation/g_semi_parallel_and_smac.g_paths[1].g_data_array.g_madd[0].g_wrap_buff.i_data_wrap_buff/i_mem_allign/E[0] | system_i/rx_0/fir_0/U0/i_synth/g_polyphase_decimation.i_polyphase_decimation/g_semi_parallel_and_smac.g_paths[1].g_data_array.g_madd[0].g_wrap_buff.i_data_wrap_buff/i_bypass_phase/SR[0]    |                3 |             16 |         5.33 |
|  system_i/pll_0/inst/clk_out1 | system_i/rx_0/hub_0/inst/buf_1/buf_1/int_valid_reg_reg_2[0]                                                                                                                            |                                                                                                                                                                                              |                6 |             17 |         2.83 |
|  system_i/pll_0/inst/clk_out1 | system_i/rx_0/hub_0/inst/buf_0/buf_0/int_ready_reg_reg_0                                                                                                                               |                                                                                                                                                                                              |                5 |             17 |         3.40 |
|  system_i/pll_0/inst/clk_out1 | system_i/dds_compiler_0/U0/i_synth/has_m_data.i_has_tready.m_data_fifo/fifo0/not_afull                                                                                                 |                                                                                                                                                                                              |                7 |             20 |         2.86 |
|  system_i/pll_0/inst/clk_out1 | system_i/rx_0/hub_0/inst/buf_3/buf_0/int_ready_reg_reg_0                                                                                                                               |                                                                                                                                                                                              |                7 |             21 |         3.00 |
|  system_i/pll_0/inst/clk_out1 | system_i/rx_0/hub_0/inst/buf_3/buf_1/int_ready_wire                                                                                                                                    |                                                                                                                                                                                              |                8 |             21 |         2.62 |
|  system_i/pll_0/inst/clk_out1 | system_i/dds_compiler_0/U0/i_synth/i_has_nd_rdy_pipe.valid_phase_read_del/wr_enable                                                                                                    |                                                                                                                                                                                              |                3 |             22 |         7.33 |
|  system_i/pll_0/inst/clk_out1 | system_i/rx_0/cic_1/U0/i_synth/decimator.decimation_filter/data_in0                                                                                                                    | system_i/rx_0/cic_1/U0/i_synth/reset                                                                                                                                                         |                5 |             24 |         4.80 |
|  system_i/pll_0/inst/clk_out1 | system_i/rx_0/cic_0/U0/i_synth/decimator.decimation_filter/data_in0                                                                                                                    | system_i/rx_0/cic_0/U0/i_synth/reset                                                                                                                                                         |                8 |             24 |         3.00 |
|  system_i/pll_0/inst/clk_out1 | system_i/rx_0/fir_0/U0/i_synth/g_polyphase_decimation.i_polyphase_decimation/base_en                                                                                                   |                                                                                                                                                                                              |                8 |             25 |         3.12 |
|  system_i/pll_0/inst/clk_out1 | system_i/rx_0/fifo_0/inst/fifo_0/xpm_fifo_base_inst/rdp_inst/ram_rd_en_i                                                                                                               | system_i/rx_0/fifo_0/inst/fifo_0/xpm_fifo_base_inst/xpm_fifo_rst_inst/gen_rst_cc.fifo_wr_rst_cc_reg[2]_0[0]                                                                                  |                8 |             27 |         3.38 |
|  system_i/pll_0/inst/clk_out1 | system_i/rx_0/fifo_0/inst/fifo_0/xpm_fifo_base_inst/rst_d1_inst/E[0]                                                                                                                   | system_i/rx_0/fifo_0/inst/fifo_0/xpm_fifo_base_inst/xpm_fifo_rst_inst/gen_rst_cc.fifo_wr_rst_cc_reg[2]_0[0]                                                                                  |                8 |             27 |         3.38 |
|  system_i/pll_0/inst/clk_out1 |                                                                                                                                                                                        | system_i/dac_0/inst/int_rst_reg[0]_i_1_n_0                                                                                                                                                   |                8 |             28 |         3.50 |
|  system_i/pll_0/inst/clk_out1 | system_i/rx_0/cic_1/U0/i_synth/decimator.decimation_filter/comb/gen_stages[0].gen_folded.int_comb_stage/gen_nd_out_dly/E[0]                                                            | system_i/rx_0/cic_1/U0/i_synth/reset                                                                                                                                                         |                6 |             32 |         5.33 |
|  system_i/pll_0/inst/clk_out1 | system_i/rx_0/conv_0/inst/gen_downsizer_conversion.axisc_downsizer_0/r1_data[31]_i_1_n_0                                                                                               |                                                                                                                                                                                              |                4 |             32 |         8.00 |
|  system_i/pll_0/inst/clk_out1 |                                                                                                                                                                                        | system_i/rx_0/fir_0/U0/i_synth/g_polyphase_decimation.i_polyphase_decimation/g_semi_parallel_and_smac.data_in_mux[31]_i_1_n_0                                                                |                6 |             32 |         5.33 |
|  system_i/pll_0/inst/clk_out1 | system_i/rx_0/fir_0/U0/i_synth/g_polyphase_decimation.i_polyphase_decimation/g_m_data_chan_fifo.g_no_tready.m_axis_data_tdata_int0                                                     |                                                                                                                                                                                              |                6 |             32 |         5.33 |
|  system_i/pll_0/inst/clk_out1 | system_i/rx_0/fir_0/U0/i_synth/g_polyphase_decimation.i_polyphase_decimation/g_s_data_chan_fifo.i_s_data_chan_fifo/wr_enable                                                           |                                                                                                                                                                                              |                4 |             32 |         8.00 |
|  system_i/pll_0/inst/clk_out1 | system_i/rx_0/fir_0/U0/i_synth/g_polyphase_decimation.i_polyphase_decimation/rfd_int                                                                                                   |                                                                                                                                                                                              |                4 |             32 |         8.00 |
|  system_i/pll_0/inst/clk_out1 | system_i/rx_0/fir_0/U0/i_synth/g_polyphase_decimation.i_polyphase_decimation/g_semi_parallel_and_smac.i_latch_op/wr_enable                                                             |                                                                                                                                                                                              |                4 |             32 |         8.00 |
|  system_i/pll_0/inst/clk_out1 | system_i/rx_0/cic_0/U0/i_synth/decimator.decimation_filter/comb/gen_stages[0].gen_folded.int_comb_stage/gen_nd_out_dly/E[0]                                                            | system_i/rx_0/cic_0/U0/i_synth/reset                                                                                                                                                         |                6 |             32 |         5.33 |
|  system_i/pll_0/inst/clk_out1 | system_i/rx_0/fir_0/U0/i_synth/g_polyphase_decimation.i_polyphase_decimation/g_m_data_chan_fifo.i_m_data_chan_fifo/fifo0/rd_enable                                                     |                                                                                                                                                                                              |                5 |             33 |         6.60 |
|  system_i/pll_0/inst/clk_out1 | system_i/dds_compiler_0/U0/i_synth/has_m_data.i_has_tready.m_data_fifo/fifo0/not_afull                                                                                                 | system_i/dds_compiler_0/U0/i_synth/sclr_i                                                                                                                                                    |               10 |             34 |         3.40 |
|  system_i/pll_0/inst/clk_out1 | system_i/rx_0/hub_0/inst/buf_1/buf_0/int_ready_reg_reg_0                                                                                                                               |                                                                                                                                                                                              |               11 |             37 |         3.36 |
|  system_i/pll_0/inst/clk_out1 | system_i/rx_0/hub_0/inst/buf_2/PS7_i[0]                                                                                                                                                |                                                                                                                                                                                              |               10 |             37 |         3.70 |
|  system_i/pll_0/inst/clk_out1 | system_i/rx_0/cic_0/U0/i_synth/decimator.decimation_filter/comb/gen_stages[0].gen_folded.int_comb_stage/gen_split_accum[0].gen_comb_mem_src.gen_en_dly/en_dly[0]                       | system_i/rx_0/cic_0/U0/i_synth/reset                                                                                                                                                         |               17 |             39 |         2.29 |
|  system_i/pll_0/inst/clk_out1 | system_i/rx_0/cic_0/U0/i_synth/decimator.decimation_filter/comb/gen_stages[0].gen_folded.int_comb_stage/gen_split_accum[0].gen_comb_mem_src.gen_en_dly/en_dly[0]                       |                                                                                                                                                                                              |                5 |             39 |         7.80 |
|  system_i/pll_0/inst/clk_out1 | system_i/rx_0/cic_0/U0/i_synth/decimator.decimation_filter/comb/gen_stages[0].gen_folded.int_comb_stage/gen_split_accum[0].gen_comb_mem_src.gen_en_dly/E[0]                            | system_i/rx_0/cic_0/U0/i_synth/reset                                                                                                                                                         |                5 |             39 |         7.80 |
|  system_i/pll_0/inst/clk_out1 | system_i/rx_0/cic_1/U0/i_synth/decimator.decimation_filter/comb/gen_stages[0].gen_folded.int_comb_stage/gen_split_accum[0].gen_comb_mem_src.gen_en_dly/E[0]                            | system_i/rx_0/cic_1/U0/i_synth/reset                                                                                                                                                         |                5 |             39 |         7.80 |
|  system_i/pll_0/inst/clk_out1 | system_i/rx_0/cic_1/U0/i_synth/decimator.decimation_filter/comb/gen_stages[0].gen_folded.int_comb_stage/gen_split_accum[0].gen_comb_mem_src.gen_en_dly/en_dly[0]                       |                                                                                                                                                                                              |                5 |             39 |         7.80 |
|  system_i/pll_0/inst/clk_out1 | system_i/rx_0/cic_1/U0/i_synth/decimator.decimation_filter/comb/gen_stages[0].gen_folded.int_comb_stage/gen_split_accum[0].gen_comb_mem_src.gen_en_dly/en_dly[0]                       | system_i/rx_0/cic_1/U0/i_synth/reset                                                                                                                                                         |               18 |             39 |         2.17 |
|  system_i/pll_0/inst/clk_out1 | system_i/rx_0/fir_0/U0/i_synth/g_polyphase_decimation.i_polyphase_decimation/g_semi_parallel_and_smac.i_cntrl_wrap_buff_we/g_semi_parallel_and_smac.cntrl_wrap_we                      |                                                                                                                                                                                              |               12 |             44 |         3.67 |
|  system_i/pll_0/inst/clk_out1 | system_i/rx_0/hub_0/inst/buf_4/int_rready_wire                                                                                                                                         |                                                                                                                                                                                              |               15 |             47 |         3.13 |
|  system_i/pll_0/inst/clk_out1 | system_i/rx_0/lfsr_0/inst/m_axis_tvalid                                                                                                                                                | system_i/rx_0/lfsr_0/inst/p_0_in                                                                                                                                                             |                8 |             63 |         7.88 |
|  system_i/pll_0/inst/clk_out1 | system_i/rx_0/conv_0/inst/gen_downsizer_conversion.axisc_downsizer_0/r0_load                                                                                                           |                                                                                                                                                                                              |               12 |             64 |         5.33 |
|  system_i/pll_0/inst/clk_out1 |                                                                                                                                                                                        | system_i/rx_0/fir_0/U0/i_synth/g_polyphase_decimation.i_polyphase_decimation/g_semi_parallel_and_smac.i_first_phase_dly/SR[0]                                                                |               13 |             89 |         6.85 |
|  system_i/pll_0/inst/clk_out1 | system_i/rx_0/fir_0/U0/i_synth/g_polyphase_decimation.i_polyphase_decimation/g_semi_parallel_and_smac.i_store_accum/store_accum                                                        |                                                                                                                                                                                              |               15 |             89 |         5.93 |
|  system_i/pll_0/inst/clk_out1 |                                                                                                                                                                                        | system_i/rx_0/cic_1/U0/i_synth/reset                                                                                                                                                         |              179 |            822 |         4.59 |
|  system_i/pll_0/inst/clk_out1 |                                                                                                                                                                                        | system_i/rx_0/cic_0/U0/i_synth/reset                                                                                                                                                         |              147 |            822 |         5.59 |
|  system_i/pll_0/inst/clk_out1 |                                                                                                                                                                                        |                                                                                                                                                                                              |              221 |           1036 |         4.69 |
+-------------------------------+----------------------------------------------------------------------------------------------------------------------------------------------------------------------------------------+----------------------------------------------------------------------------------------------------------------------------------------------------------------------------------------------+------------------+----------------+--------------+


