Copyright 1986-2022 Xilinx, Inc. All Rights Reserved. Copyright 2022-2025 Advanced Micro Devices, Inc. All Rights Reserved.
---------------------------------------------------------------------------------------------------------------------------------------------
| Tool Version : Vivado v.2025.2 (win64) Build 6299465 Fri Nov 14 19:35:11 GMT 2025
| Date         : Tue Sep 22 00:03:46 2026
| Host         : DESKTOP-KIRSTEN running 64-bit major release  (build 9200)
| Command      : report_control_sets -verbose -file system_wrapper_control_sets_placed.rpt
| Design       : system_wrapper
| Device       : xc7z010
---------------------------------------------------------------------------------------------------------------------------------------------

Control Set Information

Table of Contents
-----------------
1. Summary
2. Histogram
3. Flip-Flop Distribution
4. Detailed Control Set Information

1. Summary
----------

+----------------------------------------------------------+-------+
|                          Status                          | Count |
+----------------------------------------------------------+-------+
| Total control sets                                       |   160 |
|    Minimum number of control sets                        |   160 |
|    Addition due to synthesis replication                 |     0 |
|    Addition due to physical synthesis replication        |     0 |
| Unused register locations in slices containing registers |   310 |
+----------------------------------------------------------+-------+
* Control sets can be merged at opt_design using control_set_merge or merge_equivalent_drivers
** Run report_qor_suggestions for automated merging and remapping suggestions


2. Histogram
------------

+--------------------+-------+
|       Fanout       | Count |
+--------------------+-------+
| Total control sets |   160 |
| >= 0 to < 4        |     7 |
| >= 4 to < 6        |    13 |
| >= 6 to < 8        |     3 |
| >= 8 to < 10       |    36 |
| >= 10 to < 12      |     4 |
| >= 12 to < 14      |     5 |
| >= 14 to < 16      |     2 |
| >= 16              |    90 |
+--------------------+-------+
* Control sets can be remapped at either synth_design or opt_design


3. Flip-Flop Distribution
-------------------------

+--------------+-----------------------+------------------------+-----------------+--------------+
| Clock Enable | Synchronous Set/Reset | Asynchronous Set/Reset | Total Registers | Total Slices |
+--------------+-----------------------+------------------------+-----------------+--------------+
| No           | No                    | No                     |            1041 |          284 |
| No           | No                    | Yes                    |               0 |            0 |
| No           | Yes                   | No                     |            3359 |          810 |
| Yes          | No                    | No                     |            1636 |          398 |
| Yes          | No                    | Yes                    |               0 |            0 |
| Yes          | Yes                   | No                     |            3182 |          693 |
+--------------+-----------------------+------------------------+-----------------+--------------+


4. Detailed Control Set Information
-----------------------------------

+-------------------------------+----------------------------------------------------------------------------------------------------------------------------------------------------------------------------------------------------+-------------------------------------------------------------------------------------------------------------------------------+------------------+----------------+--------------+
|          Clock Signal         |                                                                                            Enable Signal                                                                                           |                                                        Set/Reset Signal                                                       | Slice Load Count | Bel Load Count | Bels / Slice |
+-------------------------------+----------------------------------------------------------------------------------------------------------------------------------------------------------------------------------------------------+-------------------------------------------------------------------------------------------------------------------------------+------------------+----------------+--------------+
|  system_i/pll_0/inst/clk_out1 | system_i/rx_0/fir_1/U0/i_synth/g_single_rate.i_single_rate/base_en                                                                                                                                 | system_i/rx_0/fir_1/U0/i_synth/g_single_rate.i_single_rate/base_cnt_7[0]                                                      |                1 |              1 |         1.00 |
|  system_i/pll_0/inst/clk_out1 | system_i/rx_0/fir_0/U0/i_synth/g_single_rate.i_single_rate/base_en                                                                                                                                 | system_i/rx_0/fir_0/U0/i_synth/g_single_rate.i_single_rate/base_cnt_7[0]                                                      |                1 |              1 |         1.00 |
|  system_i/pll_0/inst/clk_out1 |                                                                                                                                                                                                    | system_i/test_0/axis_fifo_0/inst/fifo_0/xpm_fifo_base_inst/xpm_fifo_rst_inst/rst_i                                            |                2 |              3 |         1.50 |
|  system_i/pll_0/inst/clk_out1 |                                                                                                                                                                                                    | system_i/test_0/axis_ram_reader_0/inst/fifo_0/xpm_fifo_base_inst/xpm_fifo_rst_inst/rst_i                                      |                2 |              3 |         1.50 |
|  system_i/pll_0/inst/clk_out1 | system_i/rx_0/fir_1/U0/i_synth/g_single_rate.i_single_rate/base_en                                                                                                                                 | system_i/rx_0/fir_1/U0/i_synth/g_single_rate.i_single_rate/g_semi_parallel_and_smac.gen_data_addr_8[0]                        |                1 |              3 |         3.00 |
|  system_i/pll_0/inst/clk_out1 |                                                                                                                                                                                                    | system_i/rx_0/fifo_0/inst/fifo_0/xpm_fifo_base_inst/xpm_fifo_rst_inst/rst_i                                                   |                1 |              3 |         3.00 |
|  system_i/pll_0/inst/clk_out1 | system_i/rx_0/fir_0/U0/i_synth/g_single_rate.i_single_rate/base_en                                                                                                                                 | system_i/rx_0/fir_0/U0/i_synth/g_single_rate.i_single_rate/g_semi_parallel_and_smac.gen_data_addr_8[0]                        |                2 |              3 |         1.50 |
|  system_i/pll_0/inst/clk_out1 | system_i/rx_0/cic_1/U0/i_synth/decimator.decimation_filter/comb/gen_stages[0].gen_folded.gen_clr_counter.sclr_count_0[0]                                                                           | system_i/rx_0/cic_1/U0/i_synth/reset                                                                                          |                1 |              4 |         4.00 |
|  system_i/pll_0/inst/clk_out1 |                                                                                                                                                                                                    | system_i/rx_0/GMSK_Demod/gmsk_simbolo/gmsk_symbol_phase_ac_0/inst/m_axis_acc_tvalid_i_1_n_0                                   |                2 |              4 |         2.00 |
|  system_i/pll_0/inst/clk_out1 | system_i/rx_0/cic_0/U0/i_synth/decimator.decimation_filter/comb/gen_stages[0].gen_folded.gen_clr_counter.sclr_count_0[0]                                                                           | system_i/rx_0/cic_0/U0/i_synth/reset                                                                                          |                1 |              4 |         4.00 |
|  system_i/pll_0/inst/clk_out1 | system_i/test_0/axi_hub_0/inst/buf_3/buf_1/E[0]                                                                                                                                                    | system_i/test_0/axi_hub_0/inst/buf_3/buf_1/SR[0]                                                                              |                1 |              4 |         4.00 |
|  system_i/pll_0/inst/clk_out1 |                                                                                                                                                                                                    | system_i/rx_0/fir_0/U0/i_synth/g_single_rate.i_single_rate/g_semi_parallel_and_smac.i_load/accum_opcode[0]                    |                1 |              4 |         4.00 |
|  system_i/pll_0/inst/clk_out1 |                                                                                                                                                                                                    | system_i/rx_0/fir_1/U0/i_synth/g_single_rate.i_single_rate/g_semi_parallel_and_smac.i_load/accum_opcode[0]                    |                1 |              4 |         4.00 |
|  system_i/pll_0/inst/clk_out1 | system_i/rx_0/hub_0/inst/buf_3/buf_1/E[0]                                                                                                                                                          | system_i/rx_0/hub_0/inst/buf_3/buf_1/SR[0]                                                                                    |                2 |              4 |         2.00 |
|  system_i/pll_0/inst/clk_out1 | system_i/test_0/axi_hub_0/inst/buf_4/int_rready_wire                                                                                                                                               | system_i/test_0/axi_hub_0/inst/buf_3/buf_1/int_data_reg_reg[27]_0                                                             |                2 |              4 |         2.00 |
|  system_i/pll_0/inst/clk_out1 |                                                                                                                                                                                                    | system_i/rx_0/fifo_0/inst/fifo_0/xpm_fifo_base_inst/xpm_fifo_rst_inst/SR[0]                                                   |                3 |              5 |         1.67 |
|  system_i/pll_0/inst/clk_out1 | system_i/test_0/axis_ram_reader_0/inst/buf_0/E[0]                                                                                                                                                  | system_i/test_0/axis_ram_reader_0/inst/fifo_0_i_1_n_0                                                                         |                2 |              5 |         2.50 |
|  system_i/pll_0/inst/clk_out1 | system_i/rx_0/hub_0/inst/buf_4/int_rready_wire                                                                                                                                                     | system_i/rx_0/hub_0/inst/buf_3/buf_1/int_valid_reg_reg_1                                                                      |                2 |              5 |         2.50 |
|  system_i/pll_0/inst/clk_out1 |                                                                                                                                                                                                    | system_i/rst_0/U0/EXT_LPF/lpf_int                                                                                             |                2 |              5 |         2.50 |
|  system_i/pll_0/inst/clk_out1 | system_i/rx_0/GMSK_Demod/gmsk_salida/gmsk_nrzi_decode_0/inst/bit_out_valid                                                                                                                         | system_i/rx_0/GMSK_Demod/gmsk_salida/gmsk_bit_pack32_out/inst/p_0_in                                                          |                2 |              5 |         2.50 |
|  system_i/pll_0/inst/clk_out1 |                                                                                                                                                                                                    | system_i/rx_0/fifo_0/inst/fifo_0/xpm_fifo_base_inst/xpm_fifo_rst_inst/gen_rst_cc.fifo_wr_rst_cc_reg[2]_0[0]                   |                2 |              6 |         3.00 |
|  system_i/pll_0/inst/clk_out1 | system_i/rst_0/U0/SEQ/seq_cnt_en                                                                                                                                                                   | system_i/rst_0/U0/SEQ/SEQ_COUNTER/q_int[5]_i_1_n_0                                                                            |                2 |              6 |         3.00 |
|  system_i/pll_0/inst/clk_out1 |                                                                                                                                                                                                    | system_i/rx_0/GMSK_Demod/gmsk_simbolo/dds_fixed_goertzel/U0/i_synth/sclr_i                                                    |                4 |              7 |         1.75 |
|  system_i/pll_0/inst/clk_out1 | system_i/rx_0/hub_0/inst/buf_0/buf_1/CE032_out                                                                                                                                                     | system_i/rx_0/hub_0/inst/buf_3/buf_0/ACTIVE_LOW_PR_OUT_DFF[0].FDRE_PER_N                                                      |                2 |              8 |         4.00 |
|  system_i/pll_0/inst/clk_out1 | system_i/rx_0/fir_1/U0/i_synth/g_single_rate.i_single_rate/g_semi_parallel_and_smac.blanking_cnt0                                                                                                  | system_i/rx_0/fir_1/U0/i_synth/g_single_rate.i_single_rate/g_semi_parallel_and_smac.blanking_cnt[7]_i_1_n_0                   |                3 |              8 |         2.67 |
|  system_i/pll_0/inst/clk_out1 |                                                                                                                                                                                                    | system_i/test_0/axi_hub_0/inst/buf_3/buf_0/ACTIVE_LOW_PR_OUT_DFF[0].FDRE_PER_N                                                |                4 |              8 |         2.00 |
|  system_i/pll_0/inst/clk_out1 |                                                                                                                                                                                                    | system_i/rx_0/hub_0/inst/buf_3/buf_0/ACTIVE_LOW_PR_OUT_DFF[0].FDRE_PER_N                                                      |                3 |              8 |         2.67 |
|  system_i/pll_0/inst/clk_out1 |                                                                                                                                                                                                    | system_i/test_0/axis_fifo_0/inst/fifo_0/xpm_fifo_base_inst/xpm_fifo_rst_inst/Q[0]                                             |                4 |              8 |         2.00 |
|  system_i/pll_0/inst/clk_out1 | system_i/test_0/axi_hub_0/inst/buf_0/buf_1/CE036_out                                                                                                                                               | system_i/test_0/axi_hub_0/inst/buf_3/buf_0/ACTIVE_LOW_PR_OUT_DFF[0].FDRE_PER_N                                                |                2 |              8 |         4.00 |
|  system_i/pll_0/inst/clk_out1 | system_i/test_0/axi_hub_0/inst/buf_0/buf_1/CE038_out                                                                                                                                               | system_i/test_0/axi_hub_0/inst/buf_3/buf_0/ACTIVE_LOW_PR_OUT_DFF[0].FDRE_PER_N                                                |                1 |              8 |         8.00 |
|  system_i/pll_0/inst/clk_out1 | system_i/test_0/axi_hub_0/inst/buf_0/buf_1/CE029_out                                                                                                                                               | system_i/test_0/axi_hub_0/inst/buf_3/buf_0/ACTIVE_LOW_PR_OUT_DFF[0].FDRE_PER_N                                                |                3 |              8 |         2.67 |
|  system_i/pll_0/inst/clk_out1 | system_i/test_0/axi_hub_0/inst/buf_0/buf_1/int_data_reg_reg[33]_0                                                                                                                                  | system_i/test_0/axi_hub_0/inst/buf_3/buf_0/ACTIVE_LOW_PR_OUT_DFF[0].FDRE_PER_N                                                |                2 |              8 |         4.00 |
|  system_i/pll_0/inst/clk_out1 | system_i/test_0/axi_hub_0/inst/buf_0/buf_1/CE034_out                                                                                                                                               | system_i/test_0/axi_hub_0/inst/buf_3/buf_0/ACTIVE_LOW_PR_OUT_DFF[0].FDRE_PER_N                                                |                1 |              8 |         8.00 |
|  system_i/pll_0/inst/clk_out1 | system_i/test_0/axi_hub_0/inst/buf_0/buf_1/CE023_out                                                                                                                                               | system_i/test_0/axi_hub_0/inst/buf_3/buf_0/ACTIVE_LOW_PR_OUT_DFF[0].FDRE_PER_N                                                |                1 |              8 |         8.00 |
|  system_i/pll_0/inst/clk_out1 | system_i/test_0/axi_hub_0/inst/buf_0/buf_1/CE0                                                                                                                                                     | system_i/test_0/axi_hub_0/inst/buf_3/buf_0/ACTIVE_LOW_PR_OUT_DFF[0].FDRE_PER_N                                                |                1 |              8 |         8.00 |
|  system_i/pll_0/inst/clk_out1 | system_i/test_0/axi_hub_0/inst/buf_0/buf_1/CE019_out                                                                                                                                               | system_i/test_0/axi_hub_0/inst/buf_3/buf_0/ACTIVE_LOW_PR_OUT_DFF[0].FDRE_PER_N                                                |                1 |              8 |         8.00 |
|  system_i/pll_0/inst/clk_out1 | system_i/rx_0/GMSK_Demod/gmsk_simbolo/gmsk_symbol_phase_ac_0/inst/valido_e3                                                                                                                        | system_i/rx_0/GMSK_Demod/gmsk_simbolo/gmsk_symbol_phase_ac_0/inst/m_axis_acc_tvalid_i_1_n_0                                   |                3 |              8 |         2.67 |
|  system_i/pll_0/inst/clk_out1 | system_i/test_0/axi_hub_0/inst/buf_0/buf_1/CE016_out                                                                                                                                               | system_i/test_0/axi_hub_0/inst/buf_3/buf_0/ACTIVE_LOW_PR_OUT_DFF[0].FDRE_PER_N                                                |                2 |              8 |         4.00 |
|  system_i/pll_0/inst/clk_out1 | system_i/test_0/axi_hub_0/inst/buf_0/buf_1/CE032_out                                                                                                                                               | system_i/test_0/axi_hub_0/inst/buf_3/buf_0/ACTIVE_LOW_PR_OUT_DFF[0].FDRE_PER_N                                                |                1 |              8 |         8.00 |
|  system_i/pll_0/inst/clk_out1 | system_i/test_0/axi_hub_0/inst/buf_0/buf_1/CE025_out                                                                                                                                               | system_i/test_0/axi_hub_0/inst/buf_3/buf_0/ACTIVE_LOW_PR_OUT_DFF[0].FDRE_PER_N                                                |                2 |              8 |         4.00 |
|  system_i/pll_0/inst/clk_out1 | system_i/test_0/axi_hub_0/inst/buf_0/buf_1/CE027_out                                                                                                                                               | system_i/test_0/axi_hub_0/inst/buf_3/buf_0/ACTIVE_LOW_PR_OUT_DFF[0].FDRE_PER_N                                                |                1 |              8 |         8.00 |
|  system_i/pll_0/inst/clk_out1 | system_i/rx_0/hub_0/inst/buf_0/buf_1/int_data_reg_reg[33]_0                                                                                                                                        | system_i/rx_0/hub_0/inst/buf_3/buf_0/ACTIVE_LOW_PR_OUT_DFF[0].FDRE_PER_N                                                      |                1 |              8 |         8.00 |
|  system_i/pll_0/inst/clk_out1 | system_i/rx_0/hub_0/inst/buf_0/buf_1/CE047_out                                                                                                                                                     | system_i/rx_0/hub_0/inst/buf_3/buf_0/ACTIVE_LOW_PR_OUT_DFF[0].FDRE_PER_N                                                      |                3 |              8 |         2.67 |
|  system_i/pll_0/inst/clk_out1 | system_i/rx_0/hub_0/inst/buf_0/buf_1/CE019_out                                                                                                                                                     | system_i/rx_0/hub_0/inst/buf_3/buf_0/ACTIVE_LOW_PR_OUT_DFF[0].FDRE_PER_N                                                      |                1 |              8 |         8.00 |
|  system_i/pll_0/inst/clk_out1 | system_i/rx_0/hub_0/inst/buf_0/buf_1/CE034_out                                                                                                                                                     | system_i/rx_0/hub_0/inst/buf_3/buf_0/ACTIVE_LOW_PR_OUT_DFF[0].FDRE_PER_N                                                      |                2 |              8 |         4.00 |
|  system_i/pll_0/inst/clk_out1 | system_i/rx_0/hub_0/inst/buf_0/buf_1/CE027_out                                                                                                                                                     | system_i/rx_0/hub_0/inst/buf_3/buf_0/ACTIVE_LOW_PR_OUT_DFF[0].FDRE_PER_N                                                      |                2 |              8 |         4.00 |
|  system_i/pll_0/inst/clk_out1 | system_i/rx_0/hub_0/inst/buf_0/buf_1/CE0                                                                                                                                                           | system_i/rx_0/hub_0/inst/buf_3/buf_0/ACTIVE_LOW_PR_OUT_DFF[0].FDRE_PER_N                                                      |                1 |              8 |         8.00 |
|  system_i/pll_0/inst/clk_out1 | system_i/rx_0/hub_0/inst/buf_0/buf_1/CE016_out                                                                                                                                                     | system_i/rx_0/hub_0/inst/buf_3/buf_0/ACTIVE_LOW_PR_OUT_DFF[0].FDRE_PER_N                                                      |                1 |              8 |         8.00 |
|  system_i/pll_0/inst/clk_out1 | system_i/rx_0/hub_0/inst/buf_0/buf_1/CE045_out                                                                                                                                                     | system_i/rx_0/hub_0/inst/buf_3/buf_0/ACTIVE_LOW_PR_OUT_DFF[0].FDRE_PER_N                                                      |                2 |              8 |         4.00 |
|  system_i/pll_0/inst/clk_out1 | system_i/rx_0/fir_0/U0/i_synth/g_single_rate.i_single_rate/g_semi_parallel_and_smac.blanking_cnt0                                                                                                  | system_i/rx_0/fir_0/U0/i_synth/g_single_rate.i_single_rate/g_semi_parallel_and_smac.blanking_cnt[7]_i_1_n_0                   |                3 |              8 |         2.67 |
|  system_i/pll_0/inst/clk_out1 | system_i/rx_0/hub_0/inst/buf_0/buf_1/CE025_out                                                                                                                                                     | system_i/rx_0/hub_0/inst/buf_3/buf_0/ACTIVE_LOW_PR_OUT_DFF[0].FDRE_PER_N                                                      |                1 |              8 |         8.00 |
|  system_i/pll_0/inst/clk_out1 | system_i/rx_0/hub_0/inst/buf_0/buf_1/CE043_out                                                                                                                                                     | system_i/rx_0/hub_0/inst/buf_3/buf_0/ACTIVE_LOW_PR_OUT_DFF[0].FDRE_PER_N                                                      |                2 |              8 |         4.00 |
|  system_i/pll_0/inst/clk_out1 | system_i/rx_0/hub_0/inst/buf_0/buf_1/CE023_out                                                                                                                                                     | system_i/rx_0/hub_0/inst/buf_3/buf_0/ACTIVE_LOW_PR_OUT_DFF[0].FDRE_PER_N                                                      |                1 |              8 |         8.00 |
|  system_i/pll_0/inst/clk_out1 | system_i/rx_0/hub_0/inst/buf_0/buf_1/CE029_out                                                                                                                                                     | system_i/rx_0/hub_0/inst/buf_3/buf_0/ACTIVE_LOW_PR_OUT_DFF[0].FDRE_PER_N                                                      |                1 |              8 |         8.00 |
|  system_i/pll_0/inst/clk_out1 | system_i/rx_0/hub_0/inst/buf_0/buf_1/CE041_out                                                                                                                                                     | system_i/rx_0/hub_0/inst/buf_3/buf_0/ACTIVE_LOW_PR_OUT_DFF[0].FDRE_PER_N                                                      |                3 |              8 |         2.67 |
|  system_i/pll_0/inst/clk_out1 | system_i/rx_0/hub_0/inst/buf_0/buf_1/CE038_out                                                                                                                                                     | system_i/rx_0/hub_0/inst/buf_3/buf_0/ACTIVE_LOW_PR_OUT_DFF[0].FDRE_PER_N                                                      |                2 |              8 |         4.00 |
|  system_i/pll_0/inst/clk_out1 | system_i/rx_0/hub_0/inst/buf_0/buf_1/CE036_out                                                                                                                                                     | system_i/rx_0/hub_0/inst/buf_3/buf_0/ACTIVE_LOW_PR_OUT_DFF[0].FDRE_PER_N                                                      |                1 |              8 |         8.00 |
|  system_i/pll_0/inst/clk_out1 | system_i/rx_0/fifo_0/inst/fifo_0/xpm_fifo_base_inst/rst_d1_inst/E[0]                                                                                                                               | system_i/rx_0/fifo_0/inst/fifo_0/xpm_fifo_base_inst/xpm_fifo_rst_inst/gen_rst_cc.fifo_wr_rst_cc_reg[2]_0[0]                   |                4 |              9 |         2.25 |
|  system_i/pll_0/inst/clk_out1 | system_i/rx_0/fifo_0/inst/fifo_0/xpm_fifo_base_inst/rdp_inst/E[0]                                                                                                                                  | system_i/rx_0/fifo_0/inst/fifo_0/xpm_fifo_base_inst/xpm_fifo_rst_inst/gen_rst_cc.fifo_wr_rst_cc_reg[2]_0[0]                   |                3 |              9 |         3.00 |
|  system_i/pll_0/inst/clk_out1 | system_i/rx_0/cic_0/U0/i_synth/decimator.decimation_filter/int/gen_stages[5].gen_unfolded.int_comb_stage/gen_nd_out_dly/E[0]                                                                       | system_i/rx_0/cic_0/U0/i_synth/decimator.decimation_filter/int/gen_stages[5].gen_unfolded.int_comb_stage/gen_nd_out_dly/SR[0] |                4 |             10 |         2.50 |
|  system_i/pll_0/inst/clk_out1 | system_i/rx_0/cic_1/U0/i_synth/decimator.decimation_filter/int/gen_stages[5].gen_unfolded.int_comb_stage/gen_nd_out_dly/E[0]                                                                       | system_i/rx_0/cic_1/U0/i_synth/decimator.decimation_filter/int/gen_stages[5].gen_unfolded.int_comb_stage/gen_nd_out_dly/SR[0] |                4 |             10 |         2.50 |
|  system_i/pll_0/inst/clk_out1 | system_i/rx_0/cic_1/U0/i_synth/decimator.decimation_filter/op_rate_cnt[0]                                                                                                                          | system_i/rx_0/cic_1/U0/i_synth/decimator.decimation_filter/op_rate_cnt[9]_i_1_n_0                                             |                4 |             10 |         2.50 |
|  system_i/pll_0/inst/clk_out1 | system_i/rx_0/cic_0/U0/i_synth/decimator.decimation_filter/op_rate_cnt[0]                                                                                                                          | system_i/rx_0/cic_0/U0/i_synth/decimator.decimation_filter/op_rate_cnt[9]_i_1_n_0                                             |                3 |             10 |         3.33 |
|  system_i/pll_0/inst/clk_out1 | system_i/rx_0/fir_1/U0/i_synth/g_single_rate.i_single_rate/base_en                                                                                                                                 |                                                                                                                               |                4 |             12 |         3.00 |
|  system_i/pll_0/inst/clk_out1 | system_i/test_0/axi_hub_0/inst/buf_2/int_bready_wire                                                                                                                                               |                                                                                                                               |                2 |             12 |         6.00 |
|  system_i/pll_0/inst/clk_out1 | system_i/rx_0/hub_0/inst/buf_2/E[0]                                                                                                                                                                |                                                                                                                               |                4 |             12 |         3.00 |
|  system_i/pll_0/inst/clk_out1 | system_i/rx_0/fir_0/U0/i_synth/g_single_rate.i_single_rate/base_en                                                                                                                                 |                                                                                                                               |                5 |             12 |         2.40 |
|  system_i/pll_0/inst/clk_out1 |                                                                                                                                                                                                    | system_i/rx_0/GMSK_Demod/gmsk_simbolo/gmsk_delay_line_0/inst/p_0_in                                                           |                2 |             12 |         6.00 |
|  system_i/pll_0/inst/clk_out1 | system_i/rx_0/hub_0/inst/buf_4/int_rready_wire                                                                                                                                                     |                                                                                                                               |                5 |             14 |         2.80 |
|  system_i/pll_0/inst/clk_out1 | system_i/test_0/axi_hub_0/inst/buf_4/int_rready_wire                                                                                                                                               | system_i/test_0/axi_hub_0/inst/buf_3/buf_1/int_data_reg_reg[24]_0                                                             |                4 |             14 |         3.50 |
|  system_i/pll_0/inst/clk_out1 | system_i/rx_0/GMSK_Demod/gmsk_simbolo/cordic_goertzel/U0/i_synth/i_synth/gen_cordic.output_stage/gen_rotation.gen_rdy_cr/E[0]                                                                      | system_i/rx_0/GMSK_Demod/gmsk_simbolo/cordic_goertzel/U0/i_synth/i_has_aresetn.i_reg_reset/opt_has_pipe.first_q[0]            |                4 |             16 |         4.00 |
|  system_i/pll_0/inst/clk_out1 | system_i/rx_0/GMSK_Demod/gmsk_squelch_calib/gmsk_squelch_autocal_0/inst/acum_piso0_0                                                                                                               | system_i/rx_0/GMSK_Demod/gmsk_squelch_calib/gmsk_squelch_autocal_0/inst/p_0_in0                                               |                5 |             16 |         3.20 |
|  system_i/pll_0/inst/clk_out1 |                                                                                                                                                                                                    | system_i/test_0/axis_ram_reader_0/inst/fifo_0/xpm_fifo_base_inst/xpm_fifo_rst_inst/Q[0]                                       |                5 |             17 |         3.40 |
|  system_i/pll_0/inst/clk_out1 | system_i/test_0/axis_ram_reader_0/inst/buf_0/p_0_in[0]                                                                                                                                             | system_i/test_0/axis_ram_reader_0/inst/buf_0/SR[0]                                                                            |                6 |             18 |         3.00 |
|  system_i/pll_0/inst/clk_out1 | system_i/rx_0/hub_0/inst/buf_0/buf_0/int_ready_reg_reg_0                                                                                                                                           |                                                                                                                               |                4 |             18 |         4.50 |
|  system_i/pll_0/inst/clk_out1 | system_i/rx_0/hub_0/inst/buf_1/buf_1/PS7_i[0]                                                                                                                                                      |                                                                                                                               |                7 |             18 |         2.57 |
|  system_i/pll_0/inst/clk_out1 | system_i/test_0/axi_hub_0/inst/buf_1/buf_1/E[0]                                                                                                                                                    |                                                                                                                               |                5 |             18 |         3.60 |
|  system_i/pll_0/inst/clk_out1 | system_i/test_0/axi_hub_0/inst/buf_0/buf_0/int_ready_reg_reg_0                                                                                                                                     |                                                                                                                               |                4 |             18 |         4.50 |
|  system_i/pll_0/inst/clk_out1 |                                                                                                                                                                                                    | system_i/rx_0/cic_0/U0/i_synth/reset                                                                                          |                9 |             19 |         2.11 |
|  system_i/pll_0/inst/clk_out1 |                                                                                                                                                                                                    | system_i/rx_0/cic_1/U0/i_synth/reset                                                                                          |               10 |             19 |         1.90 |
|  system_i/pll_0/inst/clk_out1 | system_i/test_0/axis_ram_reader_0/inst/fifo_0/xpm_fifo_base_inst/xpm_fifo_rst_inst/E[0]                                                                                                            | system_i/test_0/axis_ram_reader_0/inst/fifo_0/xpm_fifo_base_inst/xpm_fifo_rst_inst/Q[0]                                       |                7 |             21 |         3.00 |
|  system_i/pll_0/inst/clk_out1 | system_i/rx_0/hub_0/inst/buf_3/buf_1/int_ready_wire                                                                                                                                                |                                                                                                                               |                8 |             22 |         2.75 |
|  system_i/pll_0/inst/clk_out1 | system_i/rx_0/hub_0/inst/buf_3/buf_0/int_ready_reg_reg_0                                                                                                                                           |                                                                                                                               |                5 |             22 |         4.40 |
|  system_i/pll_0/inst/clk_out1 | system_i/test_0/axi_hub_0/inst/buf_3/buf_0/int_ready_reg_reg_0                                                                                                                                     |                                                                                                                               |                5 |             22 |         4.40 |
|  system_i/pll_0/inst/clk_out1 | system_i/test_0/axi_hub_0/inst/buf_3/buf_1/int_ready_wire                                                                                                                                          |                                                                                                                               |                8 |             22 |         2.75 |
|  system_i/pll_0/inst/clk_out1 | system_i/test_0/axis_ram_reader_0/inst/fifo_0/xpm_fifo_base_inst/rdp_inst/E[0]                                                                                                                     | system_i/test_0/axis_ram_reader_0/inst/fifo_0/xpm_fifo_base_inst/xpm_fifo_rst_inst/Q[0]                                       |                6 |             23 |         3.83 |
|  system_i/pll_0/inst/clk_out1 | system_i/rx_0/cic_0/U0/i_synth/din_channel_has_dout_tready.skid_buffer/E[0]                                                                                                                        | system_i/rx_0/cic_0/U0/i_synth/reset                                                                                          |                5 |             24 |         4.80 |
|  system_i/pll_0/inst/clk_out1 | system_i/rx_0/cic_0/U0/i_synth/din_channel_has_dout_tready.skid_buffer/p_14_in                                                                                                                     |                                                                                                                               |                7 |             24 |         3.43 |
|  system_i/pll_0/inst/clk_out1 | system_i/rx_0/cic_1/U0/i_synth/din_channel_has_dout_tready.skid_buffer/reg1_a_wr                                                                                                                   |                                                                                                                               |                5 |             24 |         4.80 |
|  system_i/pll_0/inst/clk_out1 | system_i/rx_0/cic_1/U0/i_synth/din_channel_has_dout_tready.skid_buffer/E[0]                                                                                                                        | system_i/rx_0/cic_1/U0/i_synth/reset                                                                                          |                7 |             24 |         3.43 |
|  system_i/pll_0/inst/clk_out1 | system_i/rx_0/cic_1/U0/i_synth/din_channel_has_dout_tready.skid_buffer/p_14_in                                                                                                                     |                                                                                                                               |                6 |             24 |         4.00 |
|  system_i/pll_0/inst/clk_out1 | system_i/rx_0/GMSK_Demod/gmsk_simbolo/gmsk_dc_tracker_symb/inst/dc_tdata[23]_i_1_n_0                                                                                                               |                                                                                                                               |                9 |             24 |         2.67 |
|  system_i/pll_0/inst/clk_out1 | system_i/rx_0/cic_0/U0/i_synth/din_channel_has_dout_tready.skid_buffer/reg1_a_wr                                                                                                                   |                                                                                                                               |                3 |             24 |         8.00 |
|  system_i/pll_0/inst/clk_out1 | system_i/test_0/axis_fifo_0/inst/fifo_0/xpm_fifo_base_inst/xpm_fifo_rst_inst/E[0]                                                                                                                  | system_i/test_0/axis_fifo_0/inst/fifo_0/xpm_fifo_base_inst/xpm_fifo_rst_inst/Q[0]                                             |                8 |             26 |         3.25 |
|  system_i/pll_0/inst/clk_out1 | system_i/test_0/axis_fifo_0/inst/fifo_0/xpm_fifo_base_inst/rdp_inst/enb                                                                                                                            | system_i/test_0/axis_fifo_0/inst/fifo_0/xpm_fifo_base_inst/xpm_fifo_rst_inst/Q[0]                                             |                8 |             26 |         3.25 |
|  system_i/pll_0/inst/clk_out1 |                                                                                                                                                                                                    | system_i/dac_0/inst/int_rst_reg[0]_i_1_n_0                                                                                    |                8 |             28 |         3.50 |
|  system_i/pll_0/inst/clk_out1 | system_i/rx_0/GMSK_Demod/gmsk_simbolo/dds_fixed_goertzel/U0/i_synth/has_m_data.i_has_tready.m_data_fifo/fifo0/not_afull                                                                            | system_i/rx_0/GMSK_Demod/gmsk_simbolo/dds_fixed_goertzel/U0/i_synth/sclr_i                                                    |                8 |             30 |         3.75 |
|  system_i/pll_0/inst/clk_out1 | system_i/rx_0/GMSK_Demod/gmsk_salida/gmsk_bit_pack32_out/inst/shreg_0[0]                                                                                                                           |                                                                                                                               |               10 |             31 |         3.10 |
|  system_i/pll_0/inst/clk_out1 | system_i/rx_0/fir_1/U0/i_synth/g_single_rate.i_single_rate/g_semi_parallel_and_smac.i_latch_op/latch_op                                                                                            |                                                                                                                               |                6 |             32 |         5.33 |
|  system_i/pll_0/inst/clk_out1 | system_i/rx_0/GMSK_Demod/gmsk_salida/gmsk_bit_pack32_out/inst/m_axis_tdata[31]_i_1_n_0                                                                                                             |                                                                                                                               |               12 |             32 |         2.67 |
|  system_i/pll_0/inst/clk_out1 | system_i/rx_0/GMSK_Demod/gmsk_discriminador/cordic_discriminador/U0/i_synth/i_synth/gen_cordic.output_stage/gen_rotation.gen_rdy_cr/E[0]                                                           | system_i/rx_0/GMSK_Demod/gmsk_discriminador/cordic_discriminador/U0/i_synth/i_has_aresetn.i_reg_reset/opt_has_pipe.first_q[0] |               12 |             32 |         2.67 |
|  system_i/pll_0/inst/clk_out1 |                                                                                                                                                                                                    | system_i/rx_0/fir_0/U0/i_synth/g_single_rate.i_single_rate/g_semi_parallel_and_smac.g_cntrl_srl_clear.i_cntrl_blank_mem/SR[0] |               16 |             32 |         2.00 |
|  system_i/pll_0/inst/clk_out1 | system_i/rx_0/fir_0/U0/i_synth/g_single_rate.i_single_rate/g_semi_parallel_and_smac.g_cntrl_signals[8].i_delay/E[0]                                                                                | system_i/rx_0/fir_0/U0/i_synth/g_single_rate.i_single_rate/flush_datax2                                                       |                5 |             32 |         6.40 |
|  system_i/pll_0/inst/clk_out1 | system_i/rx_0/cic_0/U0/i_synth/dout_channel_has_dout_tready.fifo/fifo0/rd_enable                                                                                                                   |                                                                                                                               |                4 |             32 |         8.00 |
|  system_i/pll_0/inst/clk_out1 | system_i/rx_0/fir_0/U0/i_synth/g_single_rate.i_single_rate/g_s_data_chan_fifo.i_s_data_chan_fifo/wr_enable                                                                                         |                                                                                                                               |                4 |             32 |         8.00 |
|  system_i/pll_0/inst/clk_out1 | system_i/rx_0/fir_0/U0/i_synth/g_single_rate.i_single_rate/rfd_int                                                                                                                                 |                                                                                                                               |                4 |             32 |         8.00 |
|  system_i/pll_0/inst/clk_out1 |                                                                                                                                                                                                    | system_i/rx_0/fir_1/U0/i_synth/g_single_rate.i_single_rate/g_semi_parallel_and_smac.data_in_mux[31]_i_1_n_0                   |                5 |             32 |         6.40 |
|  system_i/pll_0/inst/clk_out1 | system_i/rx_0/fir_1/U0/i_synth/g_single_rate.i_single_rate/g_semi_parallel_and_smac.g_cntrl_signals[8].i_delay/E[0]                                                                                |                                                                                                                               |                9 |             32 |         3.56 |
|  system_i/pll_0/inst/clk_out1 | system_i/rx_0/fir_1/U0/i_synth/g_single_rate.i_single_rate/g_semi_parallel_and_smac.g_cntrl_signals[8].i_delay/E[0]                                                                                | system_i/rx_0/fir_1/U0/i_synth/g_single_rate.i_single_rate/flush_datax2                                                       |                7 |             32 |         4.57 |
|  system_i/pll_0/inst/clk_out1 |                                                                                                                                                                                                    | system_i/rx_0/fir_1/U0/i_synth/g_single_rate.i_single_rate/g_semi_parallel_and_smac.g_cntrl_srl_clear.i_cntrl_blank_mem/SR[0] |               16 |             32 |         2.00 |
|  system_i/pll_0/inst/clk_out1 | system_i/rx_0/fir_1/U0/i_synth/g_single_rate.i_single_rate/g_s_data_chan_fifo.i_s_data_chan_fifo/wr_enable                                                                                         |                                                                                                                               |                4 |             32 |         8.00 |
|  system_i/pll_0/inst/clk_out1 | system_i/test_0/axis_ram_reader_0/inst/buf_0/int_arready_wire                                                                                                                                      |                                                                                                                               |               10 |             32 |         3.20 |
|  system_i/pll_0/inst/clk_out1 |                                                                                                                                                                                                    | system_i/rx_0/fir_0/U0/i_synth/g_single_rate.i_single_rate/g_semi_parallel_and_smac.data_in_mux[31]_i_1_n_0                   |                7 |             32 |         4.57 |
|  system_i/pll_0/inst/clk_out1 | system_i/rx_0/cic_1/U0/i_synth/dout_channel_has_dout_tready.fifo/fifo0/rd_enable                                                                                                                   |                                                                                                                               |                4 |             32 |         8.00 |
|  system_i/pll_0/inst/clk_out1 | system_i/rx_0/cic_1/U0/i_synth/decimator.decimation_filter/wr_enable                                                                                                                               |                                                                                                                               |                4 |             32 |         8.00 |
|  system_i/pll_0/inst/clk_out1 | system_i/rx_0/fir_0/U0/i_synth/g_single_rate.i_single_rate/g_semi_parallel_and_smac.g_cntrl_signals[8].i_delay/E[0]                                                                                |                                                                                                                               |                6 |             32 |         5.33 |
|  system_i/pll_0/inst/clk_out1 | system_i/rx_0/cic_1/U0/i_synth/decimator.decimation_filter/comb/gen_stages[0].gen_folded.int_comb_stage/gen_nd_out_dly/E[0]                                                                        | system_i/rx_0/cic_1/U0/i_synth/reset                                                                                          |                5 |             32 |         6.40 |
|  system_i/pll_0/inst/clk_out1 | system_i/rx_0/cic_0/U0/i_synth/decimator.decimation_filter/wr_enable                                                                                                                               |                                                                                                                               |                4 |             32 |         8.00 |
|  system_i/pll_0/inst/clk_out1 | system_i/rx_0/cic_0/U0/i_synth/decimator.decimation_filter/comb/gen_stages[0].gen_folded.int_comb_stage/gen_nd_out_dly/E[0]                                                                        | system_i/rx_0/cic_0/U0/i_synth/reset                                                                                          |                4 |             32 |         8.00 |
|  system_i/pll_0/inst/clk_out1 | system_i/rx_0/fir_1/U0/i_synth/g_single_rate.i_single_rate/rfd_int                                                                                                                                 |                                                                                                                               |                4 |             32 |         8.00 |
|  system_i/pll_0/inst/clk_out1 | system_i/rx_0/GMSK_Demod/gmsk_iq_unpack32_fir/inst/q_guardado_0[0]                                                                                                                                 |                                                                                                                               |                5 |             32 |         6.40 |
|  system_i/pll_0/inst/clk_out1 | system_i/rx_0/GMSK_Demod/gmsk_iq_unpack32_fir/inst/m_axis_tdata[31]_i_1_n_0                                                                                                                        |                                                                                                                               |                9 |             32 |         3.56 |
|  system_i/pll_0/inst/clk_out1 | system_i/rx_0/hub_0/inst/buf_4/int_rready_wire                                                                                                                                                     | system_i/rx_0/hub_0/inst/buf_4/int_data_reg[31]_i_1_n_0                                                                       |               11 |             32 |         2.91 |
|  system_i/pll_0/inst/clk_out1 | system_i/rx_0/fir_0/U0/i_synth/g_single_rate.i_single_rate/g_semi_parallel_and_smac.i_latch_op/latch_op                                                                                            |                                                                                                                               |                8 |             32 |         4.00 |
|  system_i/pll_0/inst/clk_out1 | system_i/rx_0/GMSK_Demod/gmsk_simbolo/gmsk_symbol_strobe_0/inst/acc[31]_i_2_n_0                                                                                                                    | system_i/rx_0/GMSK_Demod/gmsk_simbolo/gmsk_symbol_strobe_0/inst/acc[31]_i_1_n_0                                               |                9 |             32 |         3.56 |
|  system_i/pll_0/inst/clk_out1 | system_i/test_0/axi_hub_0/inst/buf_4/int_rready_wire                                                                                                                                               |                                                                                                                               |               11 |             33 |         3.00 |
|  system_i/pll_0/inst/clk_out1 | system_i/rx_0/GMSK_Demod/gmsk_discriminador/gmsk_soft_scale_0/inst/m_axis_soft_tvalid                                                                                                              | system_i/rx_0/GMSK_Demod/gmsk_simbolo/gmsk_dc_tracker_symb/inst/p_0_in                                                        |                9 |             36 |         4.00 |
|  system_i/pll_0/inst/clk_out1 | system_i/test_0/axi_hub_0/inst/buf_1/buf_0/int_ready_reg_reg_0                                                                                                                                     |                                                                                                                               |                8 |             37 |         4.62 |
|  system_i/pll_0/inst/clk_out1 | system_i/rx_0/hub_0/inst/buf_0/buf_1/E[0]                                                                                                                                                          |                                                                                                                               |               11 |             37 |         3.36 |
|  system_i/pll_0/inst/clk_out1 | system_i/test_0/axi_hub_0/inst/buf_1/buf_1/int_ready_wire                                                                                                                                          |                                                                                                                               |               11 |             37 |         3.36 |
|  system_i/pll_0/inst/clk_out1 | system_i/rx_0/hub_0/inst/buf_1/buf_0/int_ready_reg_reg_0                                                                                                                                           |                                                                                                                               |                8 |             37 |         4.62 |
|  system_i/pll_0/inst/clk_out1 | system_i/rx_0/cic_0/U0/i_synth/decimator.decimation_filter/comb/gen_stages[0].gen_folded.int_comb_stage/gen_split_accum[0].gen_comb_mem_src.gen_en_dly/E[0]                                        | system_i/rx_0/cic_0/U0/i_synth/reset                                                                                          |                5 |             39 |         7.80 |
|  system_i/pll_0/inst/clk_out1 | system_i/rx_0/cic_0/U0/i_synth/decimator.decimation_filter/comb/gen_stages[0].gen_folded.int_comb_stage/gen_split_accum[0].gen_comb_mem_src.gen_en_dly/dout_channel_has_dout_tready.ce_to_core_reg | system_i/rx_0/cic_0/U0/i_synth/reset                                                                                          |               19 |             39 |         2.05 |
|  system_i/pll_0/inst/clk_out1 | system_i/rx_0/cic_1/U0/i_synth/decimator.decimation_filter/comb/gen_stages[0].gen_folded.int_comb_stage/gen_split_accum[0].gen_comb_mem_src.gen_en_dly/E[0]                                        | system_i/rx_0/cic_1/U0/i_synth/reset                                                                                          |                5 |             39 |         7.80 |
|  system_i/pll_0/inst/clk_out1 | system_i/rx_0/cic_1/U0/i_synth/decimator.decimation_filter/comb/gen_stages[0].gen_folded.int_comb_stage/gen_split_accum[0].gen_comb_mem_src.gen_en_dly/dout_channel_has_dout_tready.ce_to_core_reg |                                                                                                                               |                5 |             39 |         7.80 |
|  system_i/pll_0/inst/clk_out1 | system_i/rx_0/cic_1/U0/i_synth/decimator.decimation_filter/comb/gen_stages[0].gen_folded.int_comb_stage/gen_split_accum[0].gen_comb_mem_src.gen_en_dly/dout_channel_has_dout_tready.ce_to_core_reg | system_i/rx_0/cic_1/U0/i_synth/reset                                                                                          |               17 |             39 |         2.29 |
|  system_i/pll_0/inst/clk_out1 | system_i/rx_0/cic_0/U0/i_synth/decimator.decimation_filter/comb/gen_stages[0].gen_folded.int_comb_stage/gen_split_accum[0].gen_comb_mem_src.gen_en_dly/dout_channel_has_dout_tready.ce_to_core_reg |                                                                                                                               |                5 |             39 |         7.80 |
|  system_i/pll_0/inst/clk_out1 | system_i/rx_0/GMSK_Demod/gmsk_simbolo/gmsk_symbol_phase_ac_0/inst/m_axis_acc_i_tdata[23]_i_1_n_0                                                                                                   |                                                                                                                               |               14 |             40 |         2.86 |
|  system_i/pll_0/inst/clk_out1 | system_i/rx_0/GMSK_Demod/gmsk_squelch_calib/gmsk_squelch_autocal_0/inst/acum_piso0_0                                                                                                               | system_i/rx_0/GMSK_Demod/gmsk_squelch_calib/gmsk_squelch_autocal_0/inst/acum_disp[25]_i_1_n_0                                 |               11 |             40 |         3.64 |
|  system_i/pll_0/inst/clk_out1 | system_i/rx_0/GMSK_Demod/gmsk_simbolo/dds_fixed_goertzel/U0/i_synth/i_has_nd_rdy_pipe.valid_phase_read_del/wr_enable                                                                               |                                                                                                                               |                6 |             48 |         8.00 |
|  system_i/pll_0/inst/clk_out1 | system_i/rx_0/GMSK_Demod/gmsk_simbolo/dds_fixed_goertzel/U0/i_synth/has_m_data.i_has_tready.m_data_fifo/fifo0/rd_enable                                                                            |                                                                                                                               |                6 |             48 |         8.00 |
|  system_i/pll_0/inst/clk_out1 | system_i/rx_0/lfsr_0/inst/m_axis_tvalid                                                                                                                                                            | system_i/rx_0/lfsr_0/inst/p_0_in                                                                                              |                8 |             63 |         7.88 |
|  system_i/pll_0/inst/clk_out1 | system_i/rx_0/GMSK_Demod/gmsk_discriminador/axis_lfsr_disc/inst/m_axis_tvalid                                                                                                                      | system_i/rx_0/GMSK_Demod/gmsk_discriminador/axis_lfsr_disc/inst/p_0_in                                                        |                9 |             63 |         7.00 |
|  system_i/pll_0/inst/clk_out1 | system_i/rx_0/fir_0/U0/i_synth/g_single_rate.i_single_rate/g_semi_parallel_and_smac.g_cntrl_signals[7].i_delay/g_semi_parallel_and_smac.cntrl[0]_9[0]                                              |                                                                                                                               |               16 |             64 |         4.00 |
|  system_i/pll_0/inst/clk_out1 | system_i/rx_0/fir_1/U0/i_synth/g_single_rate.i_single_rate/g_semi_parallel_and_smac.i_cntrl_cntrl_mem_we/g_semi_parallel_and_smac.cntrl_mem_we                                                     |                                                                                                                               |               16 |             64 |         4.00 |
|  system_i/pll_0/inst/clk_out1 | system_i/rx_0/fir_1/U0/i_synth/g_single_rate.i_single_rate/g_semi_parallel_and_smac.g_cntrl_signals[7].i_delay/g_semi_parallel_and_smac.cntrl[0]_9[0]                                              |                                                                                                                               |               16 |             64 |         4.00 |
|  system_i/pll_0/inst/clk_out1 | system_i/rx_0/fir_0/U0/i_synth/g_single_rate.i_single_rate/g_semi_parallel_and_smac.i_cntrl_cntrl_mem_we/g_semi_parallel_and_smac.cntrl_mem_we                                                     |                                                                                                                               |               16 |             64 |         4.00 |
|  system_i/pll_0/inst/clk_out1 | system_i/rx_0/gmsk_iq_pack_fir/m_axis_tvalid                                                                                                                                                       | system_i/rx_0/GMSK_Demod/gmsk_discriminador/gmsk_discriminator_p_0/inst/p_0_in                                                |               14 |             65 |         4.64 |
|  system_i/pll_0/inst/clk_out1 | system_i/rx_0/cic_1/U0/i_synth/ce_to_core                                                                                                                                                          |                                                                                                                               |                5 |             78 |        15.60 |
|  system_i/pll_0/inst/clk_out1 | system_i/rx_0/cic_0/U0/i_synth/ce_to_core                                                                                                                                                          |                                                                                                                               |                5 |             78 |        15.60 |
|  system_i/pll_0/inst/clk_out1 | system_i/rx_0/GMSK_Demod/gmsk_simbolo/gmsk_symbol_phase_ac_0/inst/valido_e3                                                                                                                        | system_i/rx_0/GMSK_Demod/gmsk_simbolo/gmsk_symbol_phase_ac_0/inst/acc_q                                                       |               32 |            126 |         3.94 |
|  system_i/pll_0/inst/clk_out1 | system_i/rst_0/U0/peripheral_aresetn[0]                                                                                                                                                            |                                                                                                                               |               43 |            152 |         3.53 |
|  system_i/pll_0/inst/clk_out1 | system_i/rx_0/GMSK_Demod/gmsk_squelch_calib/gmsk_reset_rafaga_0/inst/aresetn_simbolo                                                                                                               |                                                                                                                               |               45 |            194 |         4.31 |
|  system_i/pll_0/inst/clk_out1 | system_i/rx_0/GMSK_Demod/gmsk_simbolo/dds_fixed_goertzel/U0/i_synth/has_m_data.i_has_tready.m_data_fifo/fifo0/not_afull                                                                            |                                                                                                                               |               44 |            210 |         4.77 |
|  system_i/pll_0/inst/clk_out1 | system_i/rx_0/cic_1/U0/i_synth/ce_to_core                                                                                                                                                          | system_i/rx_0/cic_1/U0/i_synth/reset                                                                                          |              175 |            908 |         5.19 |
|  system_i/pll_0/inst/clk_out1 | system_i/rx_0/cic_0/U0/i_synth/ce_to_core                                                                                                                                                          | system_i/rx_0/cic_0/U0/i_synth/reset                                                                                          |              173 |            908 |         5.25 |
|  system_i/pll_0/inst/clk_out1 |                                                                                                                                                                                                    | system_i/rx_0/GMSK_Demod/gmsk_simbolo/cordic_goertzel/U0/i_synth/i_has_aresetn.i_reg_reset/opt_has_pipe.first_q[0]            |              239 |            962 |         4.03 |
|  system_i/pll_0/inst/clk_out1 |                                                                                                                                                                                                    | system_i/rx_0/GMSK_Demod/gmsk_discriminador/cordic_discriminador/U0/i_synth/i_has_aresetn.i_reg_reset/opt_has_pipe.first_q[0] |              270 |           1048 |         3.88 |
|  system_i/pll_0/inst/clk_out1 |                                                                                                                                                                                                    | system_i/rx_0/GMSK_Demod/gmsk_discriminador/cmpy_discriminador/U0/i_synth/i_has_aresetn.i_reg_reset/dout_i[0]                 |              192 |           1058 |         5.51 |
|  system_i/pll_0/inst/clk_out1 |                                                                                                                                                                                                    |                                                                                                                               |              285 |           1169 |         4.10 |
+-------------------------------+----------------------------------------------------------------------------------------------------------------------------------------------------------------------------------------------------+-------------------------------------------------------------------------------------------------------------------------------+------------------+----------------+--------------+


