Copyright 1986-2022 Xilinx, Inc. All Rights Reserved. Copyright 2022-2025 Advanced Micro Devices, Inc. All Rights Reserved.
---------------------------------------------------------------------------------------------------------------------------------------------
| Tool Version : Vivado v.2025.2 (win64) Build 6299465 Fri Nov 14 19:35:11 GMT 2025
| Date         : Tue Sep 22 00:04:49 2026
| Host         : DESKTOP-KIRSTEN running 64-bit major release  (build 9200)
| Command      : report_drc -file system_wrapper_drc_routed.rpt -pb system_wrapper_drc_routed.pb -rpx system_wrapper_drc_routed.rpx
| Design       : system_wrapper
| Device       : xc7z010clg400-1
| Speed File   : -1
| Design State : Fully Routed
---------------------------------------------------------------------------------------------------------------------------------------------

Report DRC

Table of Contents
-----------------
1. REPORT SUMMARY
2. REPORT DETAILS

1. REPORT SUMMARY
-----------------
            Netlist: netlist
          Floorplan: design_1
      Design limits: <entire design considered>
           Ruledeck: default
             Max checks: <unlimited>
             Checks found: 49
+-----------+----------+-------------------------------------------------------------------+--------+
| Rule      | Severity | Description                                                       | Checks |
+-----------+----------+-------------------------------------------------------------------+--------+
| DPIP-1    | Warning  | Input pipelining                                                  | 12     |
| DPOP-1    | Warning  | PREG Output pipelining                                            | 6      |
| DPOP-2    | Warning  | MREG Output pipelining                                            | 12     |
| REQP-1723 | Warning  | DSP_Abus_sign_bit_restriction                                     | 2      |
| REQP-1724 | Warning  | DSP_Dbus_sign_bit_restriction                                     | 2      |
| AVAL-4    | Advisory | enum_USE_DPORT_FALSE_enum_DREG_ADREG_0_connects_CED_CEAD_RSTD_GND | 10     |
| REQP-28   | Advisory | enum_USE_MULT_NONE_connects_CEM_GND                               | 2      |
| REQP-30   | Advisory | enum_MREG_0_connects_CEM_GND                                      | 2      |
| REQP-165  | Advisory | writefirst                                                        | 1      |
+-----------+----------+-------------------------------------------------------------------+--------+

2. REPORT DETAILS
-----------------
DPIP-1#1 Warning
Input pipelining  
DSP system_i/rx_0/GMSK_Demod/gmsk_discriminador/gmsk_soft_scale_0/inst/producto input system_i/rx_0/GMSK_Demod/gmsk_discriminador/gmsk_soft_scale_0/inst/producto/A[29:0] is not pipelined. Pipelining DSP48 input will improve performance.
Related violations: <none>

DPIP-1#2 Warning
Input pipelining  
DSP system_i/rx_0/GMSK_Demod/gmsk_simbolo/gmsk_symbol_phase_ac_0/inst/hi_cos_reg0 input system_i/rx_0/GMSK_Demod/gmsk_simbolo/gmsk_symbol_phase_ac_0/inst/hi_cos_reg0/A[29:0] is not pipelined. Pipelining DSP48 input will improve performance.
Related violations: <none>

DPIP-1#3 Warning
Input pipelining  
DSP system_i/rx_0/GMSK_Demod/gmsk_simbolo/gmsk_symbol_phase_ac_0/inst/hi_cos_reg_reg input system_i/rx_0/GMSK_Demod/gmsk_simbolo/gmsk_symbol_phase_ac_0/inst/hi_cos_reg_reg/A[29:0] is not pipelined. Pipelining DSP48 input will improve performance.
Related violations: <none>

DPIP-1#4 Warning
Input pipelining  
DSP system_i/rx_0/GMSK_Demod/gmsk_simbolo/gmsk_symbol_phase_ac_0/inst/hi_sin_reg0 input system_i/rx_0/GMSK_Demod/gmsk_simbolo/gmsk_symbol_phase_ac_0/inst/hi_sin_reg0/A[29:0] is not pipelined. Pipelining DSP48 input will improve performance.
Related violations: <none>

DPIP-1#5 Warning
Input pipelining  
DSP system_i/rx_0/GMSK_Demod/gmsk_simbolo/gmsk_symbol_phase_ac_0/inst/hi_sin_reg_reg input system_i/rx_0/GMSK_Demod/gmsk_simbolo/gmsk_symbol_phase_ac_0/inst/hi_sin_reg_reg/A[29:0] is not pipelined. Pipelining DSP48 input will improve performance.
Related violations: <none>

DPIP-1#6 Warning
Input pipelining  
DSP system_i/rx_0/GMSK_Demod/gmsk_simbolo/gmsk_symbol_phase_ac_0/inst/lo_cos_reg_reg input system_i/rx_0/GMSK_Demod/gmsk_simbolo/gmsk_symbol_phase_ac_0/inst/lo_cos_reg_reg/B[17:0] is not pipelined. Pipelining DSP48 input will improve performance.
Related violations: <none>

DPIP-1#7 Warning
Input pipelining  
DSP system_i/rx_0/GMSK_Demod/gmsk_simbolo/gmsk_symbol_phase_ac_0/inst/lo_sin_reg_reg input system_i/rx_0/GMSK_Demod/gmsk_simbolo/gmsk_symbol_phase_ac_0/inst/lo_sin_reg_reg/B[17:0] is not pipelined. Pipelining DSP48 input will improve performance.
Related violations: <none>

DPIP-1#8 Warning
Input pipelining  
DSP system_i/rx_0/GMSK_Demod/gmsk_simbolo/gmsk_symbol_phase_ac_0/inst/y_reg0 input system_i/rx_0/GMSK_Demod/gmsk_simbolo/gmsk_symbol_phase_ac_0/inst/y_reg0/A[29:0] is not pipelined. Pipelining DSP48 input will improve performance.
Related violations: <none>

DPIP-1#9 Warning
Input pipelining  
DSP system_i/rx_0/GMSK_Demod/gmsk_simbolo/gmsk_symbol_phase_ac_0/inst/y_reg0 input system_i/rx_0/GMSK_Demod/gmsk_simbolo/gmsk_symbol_phase_ac_0/inst/y_reg0/B[17:0] is not pipelined. Pipelining DSP48 input will improve performance.
Related violations: <none>

DPIP-1#10 Warning
Input pipelining  
DSP system_i/rx_0/GMSK_Demod/gmsk_simbolo/gmsk_symbol_phase_ac_0/inst/y_reg_reg input system_i/rx_0/GMSK_Demod/gmsk_simbolo/gmsk_symbol_phase_ac_0/inst/y_reg_reg/A[29:0] is not pipelined. Pipelining DSP48 input will improve performance.
Related violations: <none>

DPIP-1#11 Warning
Input pipelining  
DSP system_i/rx_0/GMSK_Demod/gmsk_simbolo/gmsk_symbol_phase_ac_0/inst/y_reg_reg input system_i/rx_0/GMSK_Demod/gmsk_simbolo/gmsk_symbol_phase_ac_0/inst/y_reg_reg/B[17:0] is not pipelined. Pipelining DSP48 input will improve performance.
Related violations: <none>

DPIP-1#12 Warning
Input pipelining  
DSP system_i/rx_0/GMSK_Demod/gmsk_simbolo/gmsk_tau_to_fase_0/inst/m_axis_carga_tdata_reg input system_i/rx_0/GMSK_Demod/gmsk_simbolo/gmsk_tau_to_fase_0/inst/m_axis_carga_tdata_reg/A[29:0] is not pipelined. Pipelining DSP48 input will improve performance.
Related violations: <none>

DPOP-1#1 Warning
PREG Output pipelining  
DSP system_i/rx_0/GMSK_Demod/gmsk_discriminador/gmsk_soft_scale_0/inst/producto output system_i/rx_0/GMSK_Demod/gmsk_discriminador/gmsk_soft_scale_0/inst/producto/P[47:0] is not pipelined (PREG=0). Pipelining the DSP48 output will improve performance and often saves power so it is suggested whenever possible to fully pipeline this function.  If this DSP48 function was inferred, it is suggested to describe an additional register stage after this function.  If the DSP48 was instantiated in the design, it is suggested to set the PREG attribute to 1.
Related violations: <none>

DPOP-1#2 Warning
PREG Output pipelining  
DSP system_i/rx_0/GMSK_Demod/gmsk_simbolo/gmsk_symbol_phase_ac_0/inst/hi_cos_reg0 output system_i/rx_0/GMSK_Demod/gmsk_simbolo/gmsk_symbol_phase_ac_0/inst/hi_cos_reg0/P[47:0] is not pipelined (PREG=0). Pipelining the DSP48 output will improve performance and often saves power so it is suggested whenever possible to fully pipeline this function.  If this DSP48 function was inferred, it is suggested to describe an additional register stage after this function.  If the DSP48 was instantiated in the design, it is suggested to set the PREG attribute to 1.
Related violations: <none>

DPOP-1#3 Warning
PREG Output pipelining  
DSP system_i/rx_0/GMSK_Demod/gmsk_simbolo/gmsk_symbol_phase_ac_0/inst/hi_sin_reg0 output system_i/rx_0/GMSK_Demod/gmsk_simbolo/gmsk_symbol_phase_ac_0/inst/hi_sin_reg0/P[47:0] is not pipelined (PREG=0). Pipelining the DSP48 output will improve performance and often saves power so it is suggested whenever possible to fully pipeline this function.  If this DSP48 function was inferred, it is suggested to describe an additional register stage after this function.  If the DSP48 was instantiated in the design, it is suggested to set the PREG attribute to 1.
Related violations: <none>

DPOP-1#4 Warning
PREG Output pipelining  
DSP system_i/rx_0/GMSK_Demod/gmsk_simbolo/gmsk_symbol_phase_ac_0/inst/lo_cos_reg0 output system_i/rx_0/GMSK_Demod/gmsk_simbolo/gmsk_symbol_phase_ac_0/inst/lo_cos_reg0/P[47:0] is not pipelined (PREG=0). Pipelining the DSP48 output will improve performance and often saves power so it is suggested whenever possible to fully pipeline this function.  If this DSP48 function was inferred, it is suggested to describe an additional register stage after this function.  If the DSP48 was instantiated in the design, it is suggested to set the PREG attribute to 1.
Related violations: <none>

DPOP-1#5 Warning
PREG Output pipelining  
DSP system_i/rx_0/GMSK_Demod/gmsk_simbolo/gmsk_symbol_phase_ac_0/inst/lo_sin_reg0 output system_i/rx_0/GMSK_Demod/gmsk_simbolo/gmsk_symbol_phase_ac_0/inst/lo_sin_reg0/P[47:0] is not pipelined (PREG=0). Pipelining the DSP48 output will improve performance and often saves power so it is suggested whenever possible to fully pipeline this function.  If this DSP48 function was inferred, it is suggested to describe an additional register stage after this function.  If the DSP48 was instantiated in the design, it is suggested to set the PREG attribute to 1.
Related violations: <none>

DPOP-1#6 Warning
PREG Output pipelining  
DSP system_i/rx_0/GMSK_Demod/gmsk_simbolo/gmsk_symbol_phase_ac_0/inst/y_reg0 output system_i/rx_0/GMSK_Demod/gmsk_simbolo/gmsk_symbol_phase_ac_0/inst/y_reg0/P[47:0] is not pipelined (PREG=0). Pipelining the DSP48 output will improve performance and often saves power so it is suggested whenever possible to fully pipeline this function.  If this DSP48 function was inferred, it is suggested to describe an additional register stage after this function.  If the DSP48 was instantiated in the design, it is suggested to set the PREG attribute to 1.
Related violations: <none>

DPOP-2#1 Warning
MREG Output pipelining  
DSP system_i/rx_0/GMSK_Demod/gmsk_discriminador/gmsk_soft_scale_0/inst/producto multiplier stage system_i/rx_0/GMSK_Demod/gmsk_discriminador/gmsk_soft_scale_0/inst/producto/P[47:0] is not pipelined (MREG=0). Pipelining the multiplier function will improve performance and will save significant power so it is suggested whenever possible to fully pipeline this function.  If this multiplier was inferred, it is suggested to describe an additional register stage after this function.  If there is no registered adder/accumulator following the multiply function, two pipeline stages are suggested to allow both the MREG and PREG registers to be used.  If the DSP48 was instantiated in the design, it is suggested to set both the MREG and PREG attributes to 1 when performing multiply functions.
Related violations: <none>

DPOP-2#2 Warning
MREG Output pipelining  
DSP system_i/rx_0/GMSK_Demod/gmsk_simbolo/gmsk_symbol_phase_ac_0/inst/hi_cos_reg0 multiplier stage system_i/rx_0/GMSK_Demod/gmsk_simbolo/gmsk_symbol_phase_ac_0/inst/hi_cos_reg0/P[47:0] is not pipelined (MREG=0). Pipelining the multiplier function will improve performance and will save significant power so it is suggested whenever possible to fully pipeline this function.  If this multiplier was inferred, it is suggested to describe an additional register stage after this function.  If there is no registered adder/accumulator following the multiply function, two pipeline stages are suggested to allow both the MREG and PREG registers to be used.  If the DSP48 was instantiated in the design, it is suggested to set both the MREG and PREG attributes to 1 when performing multiply functions.
Related violations: <none>

DPOP-2#3 Warning
MREG Output pipelining  
DSP system_i/rx_0/GMSK_Demod/gmsk_simbolo/gmsk_symbol_phase_ac_0/inst/hi_cos_reg_reg multiplier stage system_i/rx_0/GMSK_Demod/gmsk_simbolo/gmsk_symbol_phase_ac_0/inst/hi_cos_reg_reg/P[47:0] is not pipelined (MREG=0). Pipelining the multiplier function will improve performance and will save significant power so it is suggested whenever possible to fully pipeline this function.  If this multiplier was inferred, it is suggested to describe an additional register stage after this function.  If there is no registered adder/accumulator following the multiply function, two pipeline stages are suggested to allow both the MREG and PREG registers to be used.  If the DSP48 was instantiated in the design, it is suggested to set both the MREG and PREG attributes to 1 when performing multiply functions.
Related violations: <none>

DPOP-2#4 Warning
MREG Output pipelining  
DSP system_i/rx_0/GMSK_Demod/gmsk_simbolo/gmsk_symbol_phase_ac_0/inst/hi_sin_reg0 multiplier stage system_i/rx_0/GMSK_Demod/gmsk_simbolo/gmsk_symbol_phase_ac_0/inst/hi_sin_reg0/P[47:0] is not pipelined (MREG=0). Pipelining the multiplier function will improve performance and will save significant power so it is suggested whenever possible to fully pipeline this function.  If this multiplier was inferred, it is suggested to describe an additional register stage after this function.  If there is no registered adder/accumulator following the multiply function, two pipeline stages are suggested to allow both the MREG and PREG registers to be used.  If the DSP48 was instantiated in the design, it is suggested to set both the MREG and PREG attributes to 1 when performing multiply functions.
Related violations: <none>

DPOP-2#5 Warning
MREG Output pipelining  
DSP system_i/rx_0/GMSK_Demod/gmsk_simbolo/gmsk_symbol_phase_ac_0/inst/hi_sin_reg_reg multiplier stage system_i/rx_0/GMSK_Demod/gmsk_simbolo/gmsk_symbol_phase_ac_0/inst/hi_sin_reg_reg/P[47:0] is not pipelined (MREG=0). Pipelining the multiplier function will improve performance and will save significant power so it is suggested whenever possible to fully pipeline this function.  If this multiplier was inferred, it is suggested to describe an additional register stage after this function.  If there is no registered adder/accumulator following the multiply function, two pipeline stages are suggested to allow both the MREG and PREG registers to be used.  If the DSP48 was instantiated in the design, it is suggested to set both the MREG and PREG attributes to 1 when performing multiply functions.
Related violations: <none>

DPOP-2#6 Warning
MREG Output pipelining  
DSP system_i/rx_0/GMSK_Demod/gmsk_simbolo/gmsk_symbol_phase_ac_0/inst/lo_cos_reg0 multiplier stage system_i/rx_0/GMSK_Demod/gmsk_simbolo/gmsk_symbol_phase_ac_0/inst/lo_cos_reg0/P[47:0] is not pipelined (MREG=0). Pipelining the multiplier function will improve performance and will save significant power so it is suggested whenever possible to fully pipeline this function.  If this multiplier was inferred, it is suggested to describe an additional register stage after this function.  If there is no registered adder/accumulator following the multiply function, two pipeline stages are suggested to allow both the MREG and PREG registers to be used.  If the DSP48 was instantiated in the design, it is suggested to set both the MREG and PREG attributes to 1 when performing multiply functions.
Related violations: <none>

DPOP-2#7 Warning
MREG Output pipelining  
DSP system_i/rx_0/GMSK_Demod/gmsk_simbolo/gmsk_symbol_phase_ac_0/inst/lo_cos_reg_reg multiplier stage system_i/rx_0/GMSK_Demod/gmsk_simbolo/gmsk_symbol_phase_ac_0/inst/lo_cos_reg_reg/P[47:0] is not pipelined (MREG=0). Pipelining the multiplier function will improve performance and will save significant power so it is suggested whenever possible to fully pipeline this function.  If this multiplier was inferred, it is suggested to describe an additional register stage after this function.  If there is no registered adder/accumulator following the multiply function, two pipeline stages are suggested to allow both the MREG and PREG registers to be used.  If the DSP48 was instantiated in the design, it is suggested to set both the MREG and PREG attributes to 1 when performing multiply functions.
Related violations: <none>

DPOP-2#8 Warning
MREG Output pipelining  
DSP system_i/rx_0/GMSK_Demod/gmsk_simbolo/gmsk_symbol_phase_ac_0/inst/lo_sin_reg0 multiplier stage system_i/rx_0/GMSK_Demod/gmsk_simbolo/gmsk_symbol_phase_ac_0/inst/lo_sin_reg0/P[47:0] is not pipelined (MREG=0). Pipelining the multiplier function will improve performance and will save significant power so it is suggested whenever possible to fully pipeline this function.  If this multiplier was inferred, it is suggested to describe an additional register stage after this function.  If there is no registered adder/accumulator following the multiply function, two pipeline stages are suggested to allow both the MREG and PREG registers to be used.  If the DSP48 was instantiated in the design, it is suggested to set both the MREG and PREG attributes to 1 when performing multiply functions.
Related violations: <none>

DPOP-2#9 Warning
MREG Output pipelining  
DSP system_i/rx_0/GMSK_Demod/gmsk_simbolo/gmsk_symbol_phase_ac_0/inst/lo_sin_reg_reg multiplier stage system_i/rx_0/GMSK_Demod/gmsk_simbolo/gmsk_symbol_phase_ac_0/inst/lo_sin_reg_reg/P[47:0] is not pipelined (MREG=0). Pipelining the multiplier function will improve performance and will save significant power so it is suggested whenever possible to fully pipeline this function.  If this multiplier was inferred, it is suggested to describe an additional register stage after this function.  If there is no registered adder/accumulator following the multiply function, two pipeline stages are suggested to allow both the MREG and PREG registers to be used.  If the DSP48 was instantiated in the design, it is suggested to set both the MREG and PREG attributes to 1 when performing multiply functions.
Related violations: <none>

DPOP-2#10 Warning
MREG Output pipelining  
DSP system_i/rx_0/GMSK_Demod/gmsk_simbolo/gmsk_symbol_phase_ac_0/inst/y_reg0 multiplier stage system_i/rx_0/GMSK_Demod/gmsk_simbolo/gmsk_symbol_phase_ac_0/inst/y_reg0/P[47:0] is not pipelined (MREG=0). Pipelining the multiplier function will improve performance and will save significant power so it is suggested whenever possible to fully pipeline this function.  If this multiplier was inferred, it is suggested to describe an additional register stage after this function.  If there is no registered adder/accumulator following the multiply function, two pipeline stages are suggested to allow both the MREG and PREG registers to be used.  If the DSP48 was instantiated in the design, it is suggested to set both the MREG and PREG attributes to 1 when performing multiply functions.
Related violations: <none>

DPOP-2#11 Warning
MREG Output pipelining  
DSP system_i/rx_0/GMSK_Demod/gmsk_simbolo/gmsk_symbol_phase_ac_0/inst/y_reg_reg multiplier stage system_i/rx_0/GMSK_Demod/gmsk_simbolo/gmsk_symbol_phase_ac_0/inst/y_reg_reg/P[47:0] is not pipelined (MREG=0). Pipelining the multiplier function will improve performance and will save significant power so it is suggested whenever possible to fully pipeline this function.  If this multiplier was inferred, it is suggested to describe an additional register stage after this function.  If there is no registered adder/accumulator following the multiply function, two pipeline stages are suggested to allow both the MREG and PREG registers to be used.  If the DSP48 was instantiated in the design, it is suggested to set both the MREG and PREG attributes to 1 when performing multiply functions.
Related violations: <none>

DPOP-2#12 Warning
MREG Output pipelining  
DSP system_i/rx_0/GMSK_Demod/gmsk_simbolo/gmsk_tau_to_fase_0/inst/m_axis_carga_tdata_reg multiplier stage system_i/rx_0/GMSK_Demod/gmsk_simbolo/gmsk_tau_to_fase_0/inst/m_axis_carga_tdata_reg/P[47:0] is not pipelined (MREG=0). Pipelining the multiplier function will improve performance and will save significant power so it is suggested whenever possible to fully pipeline this function.  If this multiplier was inferred, it is suggested to describe an additional register stage after this function.  If there is no registered adder/accumulator following the multiply function, two pipeline stages are suggested to allow both the MREG and PREG registers to be used.  If the DSP48 was instantiated in the design, it is suggested to set both the MREG and PREG attributes to 1 when performing multiply functions.
Related violations: <none>

REQP-1723#1 Warning
DSP_Abus_sign_bit_restriction  
system_i/rx_0/mult_0/U0/i_synth/i_synth/three_mult_structure.use_dsp.i_dsp/mult1_preadder_d_plus_a.mult1/mult/use_prim.appDSP[0].bppDSP[0].use_dsp.use_dsp48e1.iDSP48E1: When using the PreAdder and USE_DPORT is TRUE, the A operand should be restricted to 24 bit two's complement (and sign extended) to avoid over/underflow in the pre-add stage.
Related violations: <none>

REQP-1723#2 Warning
DSP_Abus_sign_bit_restriction  
system_i/rx_0/mult_0/U0/i_synth/i_synth/three_mult_structure.use_dsp.i_dsp/mult3_preadder_d_minus_a.mult3/mult/use_prim.appDSP[0].bppDSP[0].use_dsp.use_dsp48e1.iDSP48E1: When using the PreAdder and USE_DPORT is TRUE, the A operand should be restricted to 24 bit two's complement (and sign extended) to avoid over/underflow in the pre-add stage.
Related violations: <none>

REQP-1724#1 Warning
DSP_Dbus_sign_bit_restriction  
system_i/rx_0/mult_0/U0/i_synth/i_synth/three_mult_structure.use_dsp.i_dsp/mult1_preadder_d_plus_a.mult1/mult/use_prim.appDSP[0].bppDSP[0].use_dsp.use_dsp48e1.iDSP48E1: When using the PreAdder and USE_DPORT is TRUE, the D operand should be restricted to 24 bit two's complement (and sign extended) to avoid over/underflow in the pre-add stage.
Related violations: <none>

REQP-1724#2 Warning
DSP_Dbus_sign_bit_restriction  
system_i/rx_0/mult_0/U0/i_synth/i_synth/three_mult_structure.use_dsp.i_dsp/mult3_preadder_d_minus_a.mult3/mult/use_prim.appDSP[0].bppDSP[0].use_dsp.use_dsp48e1.iDSP48E1: When using the PreAdder and USE_DPORT is TRUE, the D operand should be restricted to 24 bit two's complement (and sign extended) to avoid over/underflow in the pre-add stage.
Related violations: <none>

AVAL-4#1 Advisory
enum_USE_DPORT_FALSE_enum_DREG_ADREG_0_connects_CED_CEAD_RSTD_GND  
system_i/rx_0/GMSK_Demod/gmsk_simbolo/dds_fixed_goertzel/U0/i_synth/i_dds/I_SINCOS.i_comp_eff.i_eff/MULT_PI_U/opt_vx7.i_uniwrap/i_primitive: DSP48E1 is not using the D port (USE_DPORT = FALSE). For improved power characteristics, set DREG and ADREG to '1', tie CED, CEAD, and RSTD to logic '0'.
Related violations: <none>

AVAL-4#2 Advisory
enum_USE_DPORT_FALSE_enum_DREG_ADREG_0_connects_CED_CEAD_RSTD_GND  
system_i/rx_0/GMSK_Demod/gmsk_simbolo/dds_fixed_goertzel/U0/i_synth/i_dds/I_SINCOS.i_comp_eff.i_eff/S1_COS_U/opt_vx7.i_uniwrap/i_primitive: DSP48E1 is not using the D port (USE_DPORT = FALSE). For improved power characteristics, set DREG and ADREG to '1', tie CED, CEAD, and RSTD to logic '0'.
Related violations: <none>

AVAL-4#3 Advisory
enum_USE_DPORT_FALSE_enum_DREG_ADREG_0_connects_CED_CEAD_RSTD_GND  
system_i/rx_0/GMSK_Demod/gmsk_simbolo/dds_fixed_goertzel/U0/i_synth/i_dds/I_SINCOS.i_comp_eff.i_eff/S1_SIN_U/opt_vx7.i_uniwrap/i_primitive: DSP48E1 is not using the D port (USE_DPORT = FALSE). For improved power characteristics, set DREG and ADREG to '1', tie CED, CEAD, and RSTD to logic '0'.
Related violations: <none>

AVAL-4#4 Advisory
enum_USE_DPORT_FALSE_enum_DREG_ADREG_0_connects_CED_CEAD_RSTD_GND  
system_i/rx_0/GMSK_Demod/gmsk_simbolo/dds_fixed_goertzel/U0/i_synth/i_dds/I_SINCOS.i_comp_eff.i_eff/SECOND_ORDER_APPROXIMATION.S2_COS_U/opt_vx7.i_uniwrap/i_primitive: DSP48E1 is not using the D port (USE_DPORT = FALSE). For improved power characteristics, set DREG and ADREG to '1', tie CED, CEAD, and RSTD to logic '0'.
Related violations: <none>

AVAL-4#5 Advisory
enum_USE_DPORT_FALSE_enum_DREG_ADREG_0_connects_CED_CEAD_RSTD_GND  
system_i/rx_0/GMSK_Demod/gmsk_simbolo/dds_fixed_goertzel/U0/i_synth/i_dds/I_SINCOS.i_comp_eff.i_eff/SECOND_ORDER_APPROXIMATION.S2_SIN_U/opt_vx7.i_uniwrap/i_primitive: DSP48E1 is not using the D port (USE_DPORT = FALSE). For improved power characteristics, set DREG and ADREG to '1', tie CED, CEAD, and RSTD to logic '0'.
Related violations: <none>

AVAL-4#6 Advisory
enum_USE_DPORT_FALSE_enum_DREG_ADREG_0_connects_CED_CEAD_RSTD_GND  
system_i/rx_0/osc_0/U0/i_synth/i_dds/I_SINCOS.i_comp_eff.i_eff/MULT_PI_U/opt_vx7.i_uniwrap/i_primitive: DSP48E1 is not using the D port (USE_DPORT = FALSE). For improved power characteristics, set DREG and ADREG to '1', tie CED, CEAD, and RSTD to logic '0'.
Related violations: <none>

AVAL-4#7 Advisory
enum_USE_DPORT_FALSE_enum_DREG_ADREG_0_connects_CED_CEAD_RSTD_GND  
system_i/rx_0/osc_0/U0/i_synth/i_dds/I_SINCOS.i_comp_eff.i_eff/S1_COS_U/opt_vx7.i_uniwrap/i_primitive: DSP48E1 is not using the D port (USE_DPORT = FALSE). For improved power characteristics, set DREG and ADREG to '1', tie CED, CEAD, and RSTD to logic '0'.
Related violations: <none>

AVAL-4#8 Advisory
enum_USE_DPORT_FALSE_enum_DREG_ADREG_0_connects_CED_CEAD_RSTD_GND  
system_i/rx_0/osc_0/U0/i_synth/i_dds/I_SINCOS.i_comp_eff.i_eff/S1_SIN_U/opt_vx7.i_uniwrap/i_primitive: DSP48E1 is not using the D port (USE_DPORT = FALSE). For improved power characteristics, set DREG and ADREG to '1', tie CED, CEAD, and RSTD to logic '0'.
Related violations: <none>

AVAL-4#9 Advisory
enum_USE_DPORT_FALSE_enum_DREG_ADREG_0_connects_CED_CEAD_RSTD_GND  
system_i/rx_0/osc_0/U0/i_synth/i_dds/I_SINCOS.i_comp_eff.i_eff/SECOND_ORDER_APPROXIMATION.S2_COS_U/opt_vx7.i_uniwrap/i_primitive: DSP48E1 is not using the D port (USE_DPORT = FALSE). For improved power characteristics, set DREG and ADREG to '1', tie CED, CEAD, and RSTD to logic '0'.
Related violations: <none>

AVAL-4#10 Advisory
enum_USE_DPORT_FALSE_enum_DREG_ADREG_0_connects_CED_CEAD_RSTD_GND  
system_i/rx_0/osc_0/U0/i_synth/i_dds/I_SINCOS.i_comp_eff.i_eff/SECOND_ORDER_APPROXIMATION.S2_SIN_U/opt_vx7.i_uniwrap/i_primitive: DSP48E1 is not using the D port (USE_DPORT = FALSE). For improved power characteristics, set DREG and ADREG to '1', tie CED, CEAD, and RSTD to logic '0'.
Related violations: <none>

REQP-28#1 Advisory
enum_USE_MULT_NONE_connects_CEM_GND  
system_i/rx_0/fir_0/U0/i_synth/g_single_rate.i_single_rate/g_op_paths[0].g_combine.i_ext_mult/g_two_col_comb.i_gen_upper_bits/i_add_accum/g_dsp.g_dsp48e1.i_dsp48e1: When the DSP48E1 USE_MULT attribute is set to NONE, the CEM input pin should be tied to GND to save power.
Related violations: <none>

REQP-28#2 Advisory
enum_USE_MULT_NONE_connects_CEM_GND  
system_i/rx_0/fir_1/U0/i_synth/g_single_rate.i_single_rate/g_op_paths[0].g_combine.i_ext_mult/g_two_col_comb.i_gen_upper_bits/i_add_accum/g_dsp.g_dsp48e1.i_dsp48e1: When the DSP48E1 USE_MULT attribute is set to NONE, the CEM input pin should be tied to GND to save power.
Related violations: <none>

REQP-30#1 Advisory
enum_MREG_0_connects_CEM_GND  
system_i/rx_0/fir_0/U0/i_synth/g_single_rate.i_single_rate/g_op_paths[0].g_combine.i_ext_mult/g_two_col_comb.i_gen_upper_bits/i_add_accum/g_dsp.g_dsp48e1.i_dsp48e1: When the DSP48E1 MREG attribute is set to 0, the CEM input pin should be tied to GND to save power.
Related violations: <none>

REQP-30#2 Advisory
enum_MREG_0_connects_CEM_GND  
system_i/rx_0/fir_1/U0/i_synth/g_single_rate.i_single_rate/g_op_paths[0].g_combine.i_ext_mult/g_two_col_comb.i_gen_upper_bits/i_add_accum/g_dsp.g_dsp48e1.i_dsp48e1: When the DSP48E1 MREG attribute is set to 0, the CEM input pin should be tied to GND to save power.
Related violations: <none>

REQP-165#1 Advisory
writefirst  
Synchronous clocking is detected for BRAM (system_i/rx_0/fifo_0/inst/fifo_0/xpm_fifo_base_inst/gen_sdpram.xpm_memory_base_inst/gen_wr_a.gen_word_narrow.mem_reg) in SDP mode with WRITE_FIRST write-mode. This is the preferred mode for best power characteristics, however it may exhibit address collisions if the same address appears on both read and write ports resulting in unknown or corrupted read data. It is suggested to confirm via simulation that an address collision never occurs and if so it is suggested to try and avoid this situation. If address collisions cannot be avoided, the write-mode may be set to READ_FIRST which guarantees that the read data is the prior contents of the memory at the cost of additional power in the design. See the FPGA Memory Resources User Guide for additional information.
Related violations: <none>


